Archive member included because of file (symbol)

c:/MWSDK/Wks_TWELITE/Just-Receive-AndShow/../../TWENET/L1200/lib/libTWENET_BLUE.a(ToCoNet_event.o)
                              objs_BLUE/Main.o (symbol from plugin) (PRSEV_u8Register)
c:/MWSDK/Wks_TWELITE/Just-Receive-AndShow/../../TWENET/L1200/lib/libTWENET_BLUE.a(ToCoNet_main.o)
                              objs_BLUE/Main.o (symbol from plugin) (u32TickCount_ms)
c:/MWSDK/Wks_TWELITE/Just-Receive-AndShow/../../TWENET/L1200/lib/libTWENET_BLUE.a(ToCoNet_utils.o)
                              ToCoNet_main.o (symbol from plugin) (ToCoNet_u32GetVersion)
c:/MWSDK/Wks_TWELITE/Just-Receive-AndShow/../../TWENET/L1200/lib/libTWENET_BLUE.a(ToCoNet_mod_Tx.o)
                              objs_BLUE/Main.o (symbol from plugin) (ToCoNet_vReg_mod_Tx_Standard)
c:/MWSDK/Wks_TWELITE/Just-Receive-AndShow/../../TWENET/L1200/lib/libTWENET_BLUE.a(ToCoNet_mod_TxRxQueue.o)
                              objs_BLUE/Main.o (symbol from plugin) (ToCoNet_vReg_mod_TxRxQueueMid)
c:/MWSDK/Wks_TWELITE/Just-Receive-AndShow/../../TWENET/L1200/lib/libTWENET_BLUE.a(ToCoNet_mod_Nwk_Common.o)
                              ToCoNet_main.o (symbol from plugin) (ToCoNet_vRxProc_Mod)
c:/MWSDK/Wks_TWELITE/Just-Receive-AndShow/../../TWENET/L1200/lib/libTWENET_BLUE.a(ToCoNet_mod_Channel_Mgr.o)
                              ToCoNet_mod_Tx.o (symbol from plugin) (ToCoNet_ChMgr_bCh_OnTx)
c:/MWSDK/Wks_TWELITE/Just-Receive-AndShow/../../TWENET/L1200/lib/libTWENET_BLUE.a(Version.o)
                              ToCoNet_utils.o (symbol from plugin) (au8ToCoNetVersionInfo)
c:/MWSDK/Wks_TWELITE/Just-Receive-AndShow/../../TWENET/L1200/lib/libTWENET_BLUE.a(AppQueueApi_ToCoNet.o)
                              ToCoNet_main.o (symbol from plugin) (u32AppQApiInitInt_PATCH)
c:/MWSDK/Wks_TWELITE/Just-Receive-AndShow/../../TWENET/L1200/lib/libTWENEText_BLUE.a(AppStart.o)
                              (AppColdStart)
c:/MWSDK/Wks_TWELITE/Just-Receive-AndShow/../../TWENET/L1200/lib/libTWENEText_BLUE.a(getMacAddr.o)
                              ToCoNet_main.o (symbol from plugin) (ToCoNet_u32GetSerialOnBoot)
c:/MWSDK/Wks_TWELITE/Just-Receive-AndShow/../../TWENET/L1200/lib/libTWENEText_BLUE.a(mac.o)
                              ToCoNet_main.o (symbol from plugin) (Mac_vInit)
c:/MWSDK/Wks_TWELITE/Just-Receive-AndShow/../../TWENET/L1200/lib/libTWENEText_BLUE.a(AES_CCM.o)
                              AppStart.o (symbol from plugin) (bAES_CCM_KeyReg)
c:/MWSDK/Wks_TWELITE/Just-Receive-AndShow/../../TWENET/L1200/lib/libTWENEText_BLUE.a(no_ack_handler.o)
                              AppStart.o (symbol from plugin) (vInstallNoAckHandler)
c:/MWSDK/Wks_TWELITE/Just-Receive-AndShow/../../TWENET/L1200/lib/libTWENEText_BLUE.a(Version.o)
                              ToCoNet_utils.o (symbol from plugin) (au8ToCoNetExtVersionInfo)
c:/MWSDK/Wks_TWELITE/Just-Receive-AndShow/../../TWENET/L1200/lib/libTWENETutils_BLUE.a(serial.o)
                              objs_BLUE/Main.o (symbol from plugin) (SERIAL_vInit)
c:/MWSDK/Wks_TWELITE/Just-Receive-AndShow/../../TWENET/L1200/lib/libTWENETutils_BLUE.a(uart.o)
                              serial.o (symbol from plugin) (UART_vInit)
c:/MWSDK/Wks_TWELITE/Just-Receive-AndShow/../../TWENET/L1200/lib/libTWENETutils_BLUE.a(ByteQueue.o)
                              ToCoNet_main.o (symbol from plugin) (QUEUE__vInit)
c:/MWSDK/Wks_TWELITE/Just-Receive-AndShow/../../TWENET/L1200/lib/libTWENETutils_BLUE.a(ccitt8.o)
                              AppStart.o (symbol from plugin) (u8CCITT8)
c:/MWSDK/Wks_TWELITE/Just-Receive-AndShow/../../TWENET/L1200/lib/libTWENETutils_BLUE.a(fprintf.o)
                              objs_BLUE/Main.o (symbol from plugin) (vfPrintf)
c:/MWSDK/Wks_TWELITE/Just-Receive-AndShow/../../TWENET/L1200/lib/libTWENETutils_BLUE.a(sprintf.o)
                              objs_BLUE/Main.o (symbol from plugin) (SPRINTF_vInit128)
c:/MWSDK/Wks_TWELITE/Just-Receive-AndShow/../../TWENET/L1200/lib/libTWENETutils_BLUE.a(utils.o)
                              ToCoNet_main.o (symbol from plugin) (vTimerConfig)
c:/MWSDK/Wks_TWELITE/Just-Receive-AndShow/../../TWENET/L1200/lib/libTWENETutils_BLUE.a(ccm.o)
                              AES_CCM.o (symbol from plugin) (ccm_init_and_key)
c:/MWSDK/Wks_TWELITE/Just-Receive-AndShow/../../TWENET/L1200/lib/libTWENETutils_BLUE.a(Version.o)
                              ToCoNet_utils.o (symbol from plugin) (au8ToCoNetUtilsVersionInfo)
c:/MWSDK/Wks_TWELITE/Just-Receive-AndShow/../../TWENET/L1200/lib/libTWENETutils_BLUE.a(aescrypt.o)
                              ccm.o (symbol from plugin) (aes_encrypt)
c:/MWSDK/Wks_TWELITE/Just-Receive-AndShow/../../TWENET/L1200/lib/libTWENETutils_BLUE.a(aeskey.o)
                              ccm.o (symbol from plugin) (aes_encrypt_key)
c:/MWSDK/Wks_TWELITE/Just-Receive-AndShow/../../TWENET/L1200/lib/libTWENETutils_BLUE.a(aestab.o)
                              aeskey.o (symbol from plugin) (t_im)
c:/MWSDK/ChipLib/SW4063V1416/Components/Library\libAppApi_JN516x.a(AppApi.o)
                              (pvAppApiDefGetMacHandle)
c:/MWSDK/ChipLib/SW4063V1416/Components/Library\libAppApi_JN516x.a(AppApiSleep.o)
                              (vAppApiDefSaveMacSettings)
c:/MWSDK/ChipLib/SW4063V1416/Components/Library\libMAC_JN516x.a(mac_main.o)
                              AppApi.o (symbol from plugin) (MAC_pvCtor)
c:/MWSDK/ChipLib/SW4063V1416/Components/Library\libMAC_JN516x.a(mac_mcps.o)
                              AppApi.o (symbol from plugin) (MAC_vHandleMcpsReqRsp)
c:/MWSDK/ChipLib/SW4063V1416/Components/Library\libMAC_JN516x.a(mac_mlme.o)
                              AppApi.o (symbol from plugin) (MAC_vHandleMlmeReqRsp)
c:/MWSDK/ChipLib/SW4063V1416/Components/Library\libMAC_JN516x.a(mac_pib.o)
                              AppStart.o (symbol from plugin) (MAC_psPibGetHandle)
c:/MWSDK/ChipLib/SW4063V1416/Components/Library\libMAC_JN516x.a(mac_pib_mlme.o)
                              mac_main.o (symbol from plugin) (mac_vPibSetDefaults)
c:/MWSDK/ChipLib/SW4063V1416/Components/Library\libMAC_JN516x.a(mac_pmic.o)
                              mac_main.o (symbol from plugin) (vPMICreset)
c:/MWSDK/ChipLib/SW4063V1416/Components/Library\libMAC_JN516x.a(mac_ind.o)
                              AppApi.o (symbol from plugin) (MAC_vRegisterMlmeDcfmIndCallbacks)
c:/MWSDK/ChipLib/SW4063V1416/Components/Library\libMAC_JN516x.a(mac_scan.o)
                              mac_main.o (symbol from plugin) (mac_eScanInit)
c:/MWSDK/ChipLib/SW4063V1416/Components/Library\libMAC_JN516x.a(mac_lp.o)
                              mac_pmic.o (symbol from plugin) (g_sLP)
c:/MWSDK/ChipLib/SW4063V1416/Components/Library\libMAC_JN516x.a(MCPS.o)
                              mac_mcps.o (symbol from plugin) (vTAM_MCPSdataRequest)
c:/MWSDK/ChipLib/SW4063V1416/Components/Library\libMAC_JN516x.a(phy_pib.o)
                              AppApi.o (symbol from plugin) (phy_ePibGet)
c:/MWSDK/ChipLib/SW4063V1416/Components/Library\libMAC_JN516x.a(TAM.o)
                              MCPS.o (symbol from plugin) (bTAMinPAN)
c:/MWSDK/ChipLib/SW4063V1416/Components/Library\libMAC_JN516x.a(TAMCO.o)
                              TAM.o (symbol from plugin) (vTAMCOsetCoordinator)
c:/MWSDK/ChipLib/SW4063V1416/Components/Library\libMAC_JN516x.a(TAMDE.o)
                              TAM.o (symbol from plugin) (vTAMDEdetermineNullState)
c:/MWSDK/ChipLib/SW4063V1416/Components/Library\libMAC_JN516x.a(TAM_MEM.o)
                              TAM.o (symbol from plugin) (vMEMreset)
c:/MWSDK/ChipLib/SW4063V1416/Components/Library\libMAC_JN516x.a(TAM_MLME.o)
                              mac_scan.o (symbol from plugin) (vMLMEbeaconNotify)
c:/MWSDK/ChipLib/SW4063V1416/Components/Library\libMAC_JN516x.a(TAM_TAH.o)
                              TAMCO.o (symbol from plugin) (vTAHsetCutOff)
c:/MWSDK/ChipLib/SW4063V1416/Components/Library\libMAC_JN516x.a(TAM_TAI.o)
                              TAM.o (symbol from plugin) (vTAIsetCapTime)
c:/MWSDK/ChipLib/SW4063V1416/Components/Library\libMAC_JN516x.a(TAM_TAT.o)
                              TAMDE.o (symbol from plugin) (vTATstartReceiveAt)
c:/MWSDK/ChipLib/SW4063V1416/Components/Library\libMAC_JN516x.a(TAMcommon.o)
                              mac_scan.o (symbol from plugin) (bTACassessBeaconForPayload)
c:/MWSDK/ChipLib/SW4063V1416/Components/Library\libMAC_JN516x.a(TAMevent.o)
                              mac_lp.o (symbol from plugin) (vTAMinsertEvent)
c:/MWSDK/ChipLib/SW4063V1416/Components/Library\libMAC_JN516x.a(TAMqueue.o)
                              TAMcommon.o (symbol from plugin) (vTAQaddToFifo)
c:/MWSDK/ChipLib/SW4063V1416/Components/Library\libMAC_JN516x.a(TAMrxEnable.o)
                              TAMevent.o (symbol from plugin) (vTAMRXEint2Fired)
c:/MWSDK/ChipLib/SW4063V1416/Components/Library\libMAC_JN516x.a(TAMsecurity.o)
                              TAMcommon.o (symbol from plugin) (vTSCgetIncomingInfo)
c:/MWSDK/ChipLib/SW4063V1416/Components/Library\libMAC_JN516x.a(TAMsideways.o)
                              mac_pmic.o (symbol from plugin) (eTAStransmitRequest)
c:/MWSDK/ChipLib/SW4063V1416/Components/Library\libMAC_JN516x.a(TAMtime.o)
                              TAM.o (symbol from plugin) (vTTIBLETimerExpired)
c:/MWSDK/ChipLib/SW4063V1416/Components/Library\libMAC_JN516x.a(TAM_AES.o)
                              TAMsecurity.o (symbol from plugin) (u8TAM_AES_WriteAuxilliarySecurityHeaderIntoBuffer)
c:/MWSDK/ChipLib/SW4063V1416/Components/Library\libMAC_JN516x.a(Endian.o)
                              TAM_AES.o (symbol from plugin) (vFromU16ToLe)
c:/MWSDK/ChipLib/SW4063V1416/Components/Library\libMAC_JN516x.a(mac_acl.o)
                              TAMsecurity.o (symbol from plugin) (MAC_u8AclFindInfo)
c:/MWSDK/ChipLib/SW4063V1416/Components/Library\libMAC_JN516x.a(mac_misc.o)
                              mac_mlme.o (symbol from plugin) (vMAC_MISCpollRequest)
c:/MWSDK/ChipLib/SW4063V1416/Components/Library\libTimerServer_JN516x.a(tsv_main.o)
                              AppApiSleep.o (symbol from plugin) (s_sTimerList)
c:/MWSDK/ChipLib/SW4063V1416/Components/Library\libXcv_JN516x.a(xcv_main.o)
                              AppApi.o (symbol from plugin) (XCV_vCtor)
c:/MWSDK/ChipLib/SW4063V1416/Components/Library\libXcv_JN516x.a(xcv_access.o)
                              mac_main.o (symbol from plugin) (XCV_vDevWriteIER)
c:/MWSDK/ChipLib/SW4063V1416/Components/Library\libXcv_JN516x.a(xcv_isr.o)
                              AppApi.o (symbol from plugin) (vXCV_IntHandlerPhy)
c:/MWSDK/ChipLib/SW4063V1416/Components/Library\libAes_JN516x.a(AEScoprocessorCCM.o)
                              AES_CCM.o (symbol from plugin) (bACI_CCMstar)
c:/MWSDK/ChipLib/SW4063V1416/Components/Library\libAes_JN516x.a(AES_CCM_Star.o)
                              TAM_AES.o (symbol from plugin) (vACI_OptimisedCcmStar)
c:/MWSDK/ChipLib/SW4063V1416/Components/Library\libAes_JN516x.a(AEScoprocessorAPI.o)
                              AES_CCM_Star.o (symbol from plugin) (vACI_CmdWaitBusy)
c:/MWSDK/ChipLib/SW4063V1416/Components/Library\libHardwareApi_JN516x.a(AHI_Analogue.o)
                              utils.o (symbol from plugin) (bAHI_APRegulatorEnabled)
c:/MWSDK/ChipLib/SW4063V1416/Components/Library\libHardwareApi_JN516x.a(AHI_Dio.o)
                              objs_BLUE/Main.o (symbol from plugin) (vAHI_DioSetDirection)
c:/MWSDK/ChipLib/SW4063V1416/Components/Library\libHardwareApi_JN516x.a(AHI_Reset.o)
                              ToCoNet_main.o (symbol from plugin) (vAHI_SwReset)
c:/MWSDK/ChipLib/SW4063V1416/Components/Library\libHardwareApi_JN516x.a(AHI_Spi.o)
                              AppQueueApi_ToCoNet.o (symbol from plugin) (vAHI_SpiRegisterCallback)
c:/MWSDK/ChipLib/SW4063V1416/Components/Library\libHardwareApi_JN516x.a(AHI_System.o)
                              AppApiSleep.o (symbol from plugin) (u8AHI_PowerStatus)
c:/MWSDK/ChipLib/SW4063V1416/Components/Library\libHardwareApi_JN516x.a(AHI_Timer.o)
                              utils.o (symbol from plugin) (vAHI_TimerEnable)
c:/MWSDK/ChipLib/SW4063V1416/Components/Library\libHardwareApi_JN516x.a(AHI_TimerInt.o)
                              AppQueueApi_ToCoNet.o (symbol from plugin) (vAHI_Timer0RegisterCallback)
c:/MWSDK/ChipLib/SW4063V1416/Components/Library\libHardwareApi_JN516x.a(AHI_Uart.o)
                              uart.o (symbol from plugin) (vAHI_UartSetBaudDivisor)
c:/MWSDK/ChipLib/SW4063V1416/Components/Library\libHardwareApi_JN516x.a(AHI_WakeTimer.o)
                              ToCoNet_utils.o (symbol from plugin) (vAHI_WakeTimerEnable)
c:/MWSDK/ChipLib/SW4063V1416/Components/Library\libHardwareApi_JN516x.a(AHI_Flash.o)
                              AHI_System.o (symbol from plugin) (vAHI_FlashAndEEPROMControllerIntHandler)
c:/MWSDK/ChipLib/SW4063V1416/Components/Library\libHardwareApi_JN516x.a(AHI_Infrared.o)
                              AHI_TimerInt.o (symbol from plugin) (vAHI_IntHandlerInfrared)
c:/MWSDK/ChipLib/SW4063V1416/Components/Library\libHardwareApi_JN516x.a(InternalFlashApi.o)
                              AHI_Flash.o (symbol from plugin) (bFlashErase)
c:/MWSDK/ChipLib/SW4063V1416/Components/Library\libHardwareApi_JN516x.a(AHI_FlashIndexSector.o)
                              AppStart.o (symbol from plugin) (bAHI_ReadMACID)
c:/MWSDK/ChipLib/SW4063V1416/Components/Library\libHardwareApi_JN516x.a(AHI_Si.o)
                              AppQueueApi_ToCoNet.o (symbol from plugin) (vAHI_SiRegisterCallback)
c:/MWSDK/ChipLib/SW4063V1416/Components/Library\libHardwareApi_JN516x.a(AHI_TickTimer.o)
                              AppQueueApi_ToCoNet.o (symbol from plugin) (vAHI_TickTimerInit)
c:/MWSDK/ChipLib/SW4063V1416/Components/Library\libHardwareApi_JN516x.a(AHI_Interrupt.o)
                              AppApi.o (symbol from plugin) (vAHI_InterruptSetPriority)
c:/MWSDK/ChipLib/SW4063V1416/Components/Library\libHardwareApi_JN516x.a(AHI_Init.o)
                              AppStart.o (symbol from plugin) (u32AHI_Init)
c:/MWSDK/ChipLib/SW4063V1416/Components/Library\libHardwareApi_JN516x.a(AHI_SpiSlave.o)
                              AHI_Init.o (symbol from plugin) (vAHI_IntHandlerSpiSlave)
c:/MWSDK/ChipLib/SW4063V1416/Components/Library\libMicroSpecific_JN516x.a(MicroInt_ba.o)
                              serial.o (symbol from plugin) (vMicroIntEnableOnly)
c:/MWSDK/ChipLib/SW4063V1416/Components/Library\libMicroSpecific_JN516x.a(MicroSyscall_ba.o)
                              AHI_Reset.o (symbol from plugin) (vMicroSyscall)
c:/MWSDK/ChipLib/SW4063V1416/Components/Library\libBoot_JN516x.a(Heap.o)
                              (u32HeapStart)
c:/MWSDK/ChipLib/SW4063V1416/Components/Library\libBoot_JN516x.a(ExceptionHandler.o)
                              (_exception_external_interrupt)
c:/MWSDK/ChipLib/SW4063V1416/Components/Library\libAppApi_JN516x.a(AppHousekeeping.o)
                              mac_scan.o (symbol from plugin) (sAppHousekeeping)
c:/MWSDK/ChipLib/SW4063V1416/Components/Library\libAes_JN516x.a(AEScoprocessorAPIinterrupts.o)
                              AHI_Init.o (symbol from plugin) (vACI_IntHandlerAes)
c:/mwsdk/tools/ba-elf-ba2-r36379/bin/../lib/gcc/ba-elf/4.7.4/../../../../ba-elf/lib/mcpu_jn51xx_sizeopt\libc.a(lib_a-memcmp.o)
                              C:\Users\Maeoka\AppData\Local\Temp\cceFUDdM.ltrans0.ltrans.o (memcmp)
c:/mwsdk/tools/ba-elf-ba2-r36379/bin/../lib/gcc/ba-elf/4.7.4/../../../../ba-elf/lib/mcpu_jn51xx_sizeopt\libc.a(lib_a-memcpy.o)
                              C:\Users\Maeoka\AppData\Local\Temp\cceFUDdM.ltrans0.ltrans.o (memcpy)
c:/mwsdk/tools/ba-elf-ba2-r36379/bin/../lib/gcc/ba-elf/4.7.4/../../../../ba-elf/lib/mcpu_jn51xx_sizeopt\libc.a(lib_a-memset.o)
                              C:\Users\Maeoka\AppData\Local\Temp\cceFUDdM.ltrans0.ltrans.o (memset)
c:/mwsdk/tools/ba-elf-ba2-r36379/bin/../lib/gcc/ba-elf/4.7.4/mcpu_jn51xx_sizeopt\libgcc.a(__udivsi3.o)
                              C:\Users\Maeoka\AppData\Local\Temp\cceFUDdM.ltrans2.ltrans.o (__udivsi3)
c:/mwsdk/tools/ba-elf-ba2-r36379/bin/../lib/gcc/ba-elf/4.7.4/mcpu_jn51xx_sizeopt\libgcc.a(__divsi3.o)
                              C:\Users\Maeoka\AppData\Local\Temp\cceFUDdM.ltrans3.ltrans.o (__divsi3)
c:/mwsdk/tools/ba-elf-ba2-r36379/bin/../lib/gcc/ba-elf/4.7.4/mcpu_jn51xx_sizeopt\libgcc.a(__umodsi3.o)
                              C:\Users\Maeoka\AppData\Local\Temp\cceFUDdM.ltrans2.ltrans.o (__umodsi3)

Allocating common symbols
Common symbol       size              file

_TWENET_TX_POWER_MAX
                    0x1               AppStart.o (symbol from plugin)
apvHwIndBufferData  0x2c              AppQueueApi_ToCoNet.o (symbol from plugin)
prMAC_TofMlmeReqHandler
                    0x4               mac_mlme.o (symbol from plugin)
apvMlmeIndBufferData
                    0x14              AppQueueApi_ToCoNet.o (symbol from plugin)
_TWENET_TX_POWER_VALUE
                    0x1               AppStart.o (symbol from plugin)
g_tSpiConfiguration
                    0x4               AHI_Flash.o (symbol from plugin)
SPRINTF_Stream      0x4               sprintf.o (symbol from plugin)
u8TAM_TxStatusOverride
                    0x1               TAMevent.o (symbol from plugin)
prMAC_TofRxHandler  0x4               TAMcommon.o (symbol from plugin)
_MAC_u8TxFailReason
                    0x1               mac.o (symbol from plugin)
apvMcpsIndBufferData
                    0x14              AppQueueApi_ToCoNet.o (symbol from plugin)
bAHI_ExtendedTemperatureOperation
                    0x1               AHI_System.o (symbol from plugin)
bMAC_DiscardUnsuccessfulAssocResponses
                    0x1               mac_pmic.o (symbol from plugin)
u8Msq               0x1               TAM_TAT.o (symbol from plugin)
g_bLegacyHwBugEmulation
                    0x1               AES_CCM_Star.o (symbol from plugin)

Discarded input sections

 .text          0x0000000000000000        0x0 objs_BLUE/Main.o (symbol from plugin)
 .data          0x0000000000000000        0x0 C:\Users\Maeoka\AppData\Local\Temp\cceFUDdM.ltrans0.ltrans.o
 .data          0x0000000000000000        0x0 C:\Users\Maeoka\AppData\Local\Temp\cceFUDdM.ltrans1.ltrans.o
 .data          0x0000000000000000        0x0 C:\Users\Maeoka\AppData\Local\Temp\cceFUDdM.ltrans2.ltrans.o
 .data          0x0000000000000000        0x0 C:\Users\Maeoka\AppData\Local\Temp\cceFUDdM.ltrans3.ltrans.o
 .data          0x0000000000000000        0x0 C:\Users\Maeoka\AppData\Local\Temp\cceFUDdM.ltrans4.ltrans.o
 .data          0x0000000000000000        0x0 C:\Users\Maeoka\AppData\Local\Temp\cceFUDdM.ltrans5.ltrans.o
 .data          0x0000000000000000        0x0 C:\Users\Maeoka\AppData\Local\Temp\cceFUDdM.ltrans7.ltrans.o
 .data          0x0000000000000000        0x0 C:\Users\Maeoka\AppData\Local\Temp\cceFUDdM.ltrans8.ltrans.o
 .bss           0x0000000000000000        0x0 C:\Users\Maeoka\AppData\Local\Temp\cceFUDdM.ltrans10.ltrans.o
 .data          0x0000000000000000        0x0 C:\Users\Maeoka\AppData\Local\Temp\cceFUDdM.ltrans12.ltrans.o
 .data          0x0000000000000000        0x0 C:\Users\Maeoka\AppData\Local\Temp\cceFUDdM.ltrans13.ltrans.o
 .data          0x0000000000000000        0x0 C:\Users\Maeoka\AppData\Local\Temp\cceFUDdM.ltrans14.ltrans.o
 .data          0x0000000000000000        0x0 c:/mwsdk/tools/ba-elf-ba2-r36379/bin/../lib/gcc/ba-elf/4.7.4/../../../../ba-elf/lib/mcpu_jn51xx_sizeopt\libc.a(lib_a-memcmp.o)
 .bss           0x0000000000000000        0x0 c:/mwsdk/tools/ba-elf-ba2-r36379/bin/../lib/gcc/ba-elf/4.7.4/../../../../ba-elf/lib/mcpu_jn51xx_sizeopt\libc.a(lib_a-memcmp.o)
 .data          0x0000000000000000        0x0 c:/mwsdk/tools/ba-elf-ba2-r36379/bin/../lib/gcc/ba-elf/4.7.4/../../../../ba-elf/lib/mcpu_jn51xx_sizeopt\libc.a(lib_a-memcpy.o)
 .bss           0x0000000000000000        0x0 c:/mwsdk/tools/ba-elf-ba2-r36379/bin/../lib/gcc/ba-elf/4.7.4/../../../../ba-elf/lib/mcpu_jn51xx_sizeopt\libc.a(lib_a-memcpy.o)
 .data          0x0000000000000000        0x0 c:/mwsdk/tools/ba-elf-ba2-r36379/bin/../lib/gcc/ba-elf/4.7.4/../../../../ba-elf/lib/mcpu_jn51xx_sizeopt\libc.a(lib_a-memset.o)
 .bss           0x0000000000000000        0x0 c:/mwsdk/tools/ba-elf-ba2-r36379/bin/../lib/gcc/ba-elf/4.7.4/../../../../ba-elf/lib/mcpu_jn51xx_sizeopt\libc.a(lib_a-memset.o)
 .data          0x0000000000000000        0x0 c:/mwsdk/tools/ba-elf-ba2-r36379/bin/../lib/gcc/ba-elf/4.7.4/mcpu_jn51xx_sizeopt\libgcc.a(__udivsi3.o)
 .bss           0x0000000000000000        0x0 c:/mwsdk/tools/ba-elf-ba2-r36379/bin/../lib/gcc/ba-elf/4.7.4/mcpu_jn51xx_sizeopt\libgcc.a(__udivsi3.o)
 .data          0x0000000000000000        0x0 c:/mwsdk/tools/ba-elf-ba2-r36379/bin/../lib/gcc/ba-elf/4.7.4/mcpu_jn51xx_sizeopt\libgcc.a(__divsi3.o)
 .bss           0x0000000000000000        0x0 c:/mwsdk/tools/ba-elf-ba2-r36379/bin/../lib/gcc/ba-elf/4.7.4/mcpu_jn51xx_sizeopt\libgcc.a(__divsi3.o)
 .data          0x0000000000000000        0x0 c:/mwsdk/tools/ba-elf-ba2-r36379/bin/../lib/gcc/ba-elf/4.7.4/mcpu_jn51xx_sizeopt\libgcc.a(__umodsi3.o)
 .bss           0x0000000000000000        0x0 c:/mwsdk/tools/ba-elf-ba2-r36379/bin/../lib/gcc/ba-elf/4.7.4/mcpu_jn51xx_sizeopt\libgcc.a(__umodsi3.o)
 .text          0x0000000000000000        0x0 ToCoNet_event.o (symbol from plugin)
 .text          0x0000000000000000        0x0 ToCoNet_main.o (symbol from plugin)
 .text          0x0000000000000000        0x0 ToCoNet_utils.o (symbol from plugin)
 .text          0x0000000000000000        0x0 ToCoNet_mod_Tx.o (symbol from plugin)
 .text          0x0000000000000000        0x0 ToCoNet_mod_TxRxQueue.o (symbol from plugin)
 .text          0x0000000000000000        0x0 ToCoNet_mod_Nwk_Common.o (symbol from plugin)
 .text          0x0000000000000000        0x0 ToCoNet_mod_Channel_Mgr.o (symbol from plugin)
 .text          0x0000000000000000        0x0 Version.o (symbol from plugin)
 .text          0x0000000000000000        0x0 AppQueueApi_ToCoNet.o (symbol from plugin)
 .text          0x0000000000000000        0x0 AppStart.o (symbol from plugin)
 .text          0x0000000000000000        0x0 getMacAddr.o (symbol from plugin)
 .text          0x0000000000000000        0x0 mac.o (symbol from plugin)
 .text          0x0000000000000000        0x0 AES_CCM.o (symbol from plugin)
 .text          0x0000000000000000        0x0 no_ack_handler.o (symbol from plugin)
 .text          0x0000000000000000        0x0 Version.o (symbol from plugin)
 .text          0x0000000000000000        0x0 serial.o (symbol from plugin)
 .text          0x0000000000000000        0x0 uart.o (symbol from plugin)
 .text          0x0000000000000000        0x0 ByteQueue.o (symbol from plugin)
 .text          0x0000000000000000        0x0 ccitt8.o (symbol from plugin)
 .text          0x0000000000000000        0x0 fprintf.o (symbol from plugin)
 .text          0x0000000000000000        0x0 sprintf.o (symbol from plugin)
 .text          0x0000000000000000        0x0 utils.o (symbol from plugin)
 .text          0x0000000000000000        0x0 ccm.o (symbol from plugin)
 .text          0x0000000000000000        0x0 Version.o (symbol from plugin)
 .text          0x0000000000000000        0x0 aescrypt.o (symbol from plugin)
 .text          0x0000000000000000        0x0 aeskey.o (symbol from plugin)
 .text          0x0000000000000000        0x0 aestab.o (symbol from plugin)
 .text          0x0000000000000000        0x0 AppApi.o (symbol from plugin)
 .text          0x0000000000000000        0x0 AppApiSleep.o (symbol from plugin)
 .text          0x0000000000000000        0x0 mac_main.o (symbol from plugin)
 .text          0x0000000000000000        0x0 mac_mcps.o (symbol from plugin)
 .text          0x0000000000000000        0x0 mac_mlme.o (symbol from plugin)
 .text          0x0000000000000000        0x0 mac_pib.o (symbol from plugin)
 .text          0x0000000000000000        0x0 mac_pib_mlme.o (symbol from plugin)
 .text          0x0000000000000000        0x0 mac_pmic.o (symbol from plugin)
 .text          0x0000000000000000        0x0 mac_ind.o (symbol from plugin)
 .text          0x0000000000000000        0x0 mac_scan.o (symbol from plugin)
 .text          0x0000000000000000        0x0 mac_lp.o (symbol from plugin)
 .text          0x0000000000000000        0x0 MCPS.o (symbol from plugin)
 .text          0x0000000000000000        0x0 phy_pib.o (symbol from plugin)
 .text          0x0000000000000000        0x0 TAM.o (symbol from plugin)
 .text          0x0000000000000000        0x0 TAMCO.o (symbol from plugin)
 .text          0x0000000000000000        0x0 TAMDE.o (symbol from plugin)
 .text          0x0000000000000000        0x0 TAM_MEM.o (symbol from plugin)
 .text          0x0000000000000000        0x0 TAM_MLME.o (symbol from plugin)
 .text          0x0000000000000000        0x0 TAM_TAH.o (symbol from plugin)
 .text          0x0000000000000000        0x0 TAM_TAI.o (symbol from plugin)
 .text          0x0000000000000000        0x0 TAM_TAT.o (symbol from plugin)
 .text          0x0000000000000000        0x0 TAMcommon.o (symbol from plugin)
 .text          0x0000000000000000        0x0 TAMevent.o (symbol from plugin)
 .text          0x0000000000000000        0x0 TAMqueue.o (symbol from plugin)
 .text          0x0000000000000000        0x0 TAMrxEnable.o (symbol from plugin)
 .text          0x0000000000000000        0x0 TAMsecurity.o (symbol from plugin)
 .text          0x0000000000000000        0x0 TAMsideways.o (symbol from plugin)
 .text          0x0000000000000000        0x0 TAMtime.o (symbol from plugin)
 .text          0x0000000000000000        0x0 TAM_AES.o (symbol from plugin)
 .text          0x0000000000000000        0x0 Endian.o (symbol from plugin)
 .text          0x0000000000000000        0x0 mac_acl.o (symbol from plugin)
 .text          0x0000000000000000        0x0 mac_misc.o (symbol from plugin)
 .text          0x0000000000000000        0x0 tsv_main.o (symbol from plugin)
 .text          0x0000000000000000        0x0 xcv_main.o (symbol from plugin)
 .text          0x0000000000000000        0x0 xcv_access.o (symbol from plugin)
 .text          0x0000000000000000        0x0 xcv_isr.o (symbol from plugin)
 .text          0x0000000000000000        0x0 AEScoprocessorCCM.o (symbol from plugin)
 .text          0x0000000000000000        0x0 AES_CCM_Star.o (symbol from plugin)
 .text          0x0000000000000000        0x0 AEScoprocessorAPI.o (symbol from plugin)
 .text          0x0000000000000000        0x0 AHI_Analogue.o (symbol from plugin)
 .text          0x0000000000000000        0x0 AHI_Dio.o (symbol from plugin)
 .text          0x0000000000000000        0x0 AHI_Reset.o (symbol from plugin)
 .text          0x0000000000000000        0x0 AHI_Spi.o (symbol from plugin)
 .text          0x0000000000000000        0x0 AHI_System.o (symbol from plugin)
 .text          0x0000000000000000        0x0 AHI_Timer.o (symbol from plugin)
 .text          0x0000000000000000        0x0 AHI_TimerInt.o (symbol from plugin)
 .text          0x0000000000000000        0x0 AHI_Uart.o (symbol from plugin)
 .text          0x0000000000000000        0x0 AHI_WakeTimer.o (symbol from plugin)
 .text          0x0000000000000000        0x0 AHI_Flash.o (symbol from plugin)
 .text          0x0000000000000000        0x0 AHI_Infrared.o (symbol from plugin)
 .text          0x0000000000000000        0x0 InternalFlashApi.o (symbol from plugin)
 .text          0x0000000000000000        0x0 AHI_FlashIndexSector.o (symbol from plugin)
 .text          0x0000000000000000        0x0 AHI_Si.o (symbol from plugin)
 .text          0x0000000000000000        0x0 AHI_TickTimer.o (symbol from plugin)
 .data          0x0000000000000000        0x0 c:/MWSDK/ChipLib/SW4063V1416/Components/Library\libHardwareApi_JN516x.a(AHI_Interrupt.o)
 .bss           0x0000000000000000        0x0 c:/MWSDK/ChipLib/SW4063V1416/Components/Library\libHardwareApi_JN516x.a(AHI_Interrupt.o)
 .text          0x0000000000000000        0x0 AHI_Init.o (symbol from plugin)
 .text          0x0000000000000000        0x0 AHI_SpiSlave.o (symbol from plugin)
 .text          0x0000000000000000        0x0 MicroInt_ba.o (symbol from plugin)
 .text          0x0000000000000000        0x0 c:/MWSDK/ChipLib/SW4063V1416/Components/Library\libMicroSpecific_JN516x.a(MicroSyscall_ba.o)
 .data          0x0000000000000000        0x0 c:/MWSDK/ChipLib/SW4063V1416/Components/Library\libMicroSpecific_JN516x.a(MicroSyscall_ba.o)
 .bss           0x0000000000000000        0x0 c:/MWSDK/ChipLib/SW4063V1416/Components/Library\libMicroSpecific_JN516x.a(MicroSyscall_ba.o)
 .text          0x0000000000000000        0x0 Heap.o (symbol from plugin)
 .text          0x0000000000000000        0x0 c:/MWSDK/ChipLib/SW4063V1416/Components/Library\libBoot_JN516x.a(ExceptionHandler.o)
 .data          0x0000000000000000        0x0 c:/MWSDK/ChipLib/SW4063V1416/Components/Library\libBoot_JN516x.a(ExceptionHandler.o)
 .bss           0x0000000000000000        0x0 c:/MWSDK/ChipLib/SW4063V1416/Components/Library\libBoot_JN516x.a(ExceptionHandler.o)
 .text          0x0000000000000000        0x0 AppHousekeeping.o (symbol from plugin)
 .text          0x0000000000000000        0x0 AEScoprocessorAPIinterrupts.o (symbol from plugin)

Memory Configuration

Name             Origin             Length             Attributes
flash            0x0000000000080000 0x0000000000028000
ram              0x000000000400004c 0x0000000000007fb4
*default*        0x0000000000000000 0xffffffffffffffff

Linker script and memory map

LOAD objs_BLUE/Main.o
LOAD C:\Users\Maeoka\AppData\Local\Temp\cceFUDdM.ltrans0.ltrans.o
LOAD C:\Users\Maeoka\AppData\Local\Temp\cceFUDdM.ltrans1.ltrans.o
LOAD C:\Users\Maeoka\AppData\Local\Temp\cceFUDdM.ltrans2.ltrans.o
LOAD C:\Users\Maeoka\AppData\Local\Temp\cceFUDdM.ltrans3.ltrans.o
LOAD C:\Users\Maeoka\AppData\Local\Temp\cceFUDdM.ltrans4.ltrans.o
LOAD C:\Users\Maeoka\AppData\Local\Temp\cceFUDdM.ltrans5.ltrans.o
LOAD C:\Users\Maeoka\AppData\Local\Temp\cceFUDdM.ltrans6.ltrans.o
LOAD C:\Users\Maeoka\AppData\Local\Temp\cceFUDdM.ltrans7.ltrans.o
LOAD C:\Users\Maeoka\AppData\Local\Temp\cceFUDdM.ltrans8.ltrans.o
LOAD C:\Users\Maeoka\AppData\Local\Temp\cceFUDdM.ltrans9.ltrans.o
LOAD C:\Users\Maeoka\AppData\Local\Temp\cceFUDdM.ltrans10.ltrans.o
LOAD C:\Users\Maeoka\AppData\Local\Temp\cceFUDdM.ltrans11.ltrans.o
LOAD C:\Users\Maeoka\AppData\Local\Temp\cceFUDdM.ltrans12.ltrans.o
LOAD C:\Users\Maeoka\AppData\Local\Temp\cceFUDdM.ltrans13.ltrans.o
LOAD C:\Users\Maeoka\AppData\Local\Temp\cceFUDdM.ltrans14.ltrans.o
LOAD c:/mwsdk/tools/ba-elf-ba2-r36379/bin/../lib/gcc/ba-elf/4.7.4/../../../../ba-elf/lib/mcpu_jn51xx_sizeopt\libc.a
LOAD c:/mwsdk/tools/ba-elf-ba2-r36379/bin/../lib/gcc/ba-elf/4.7.4/mcpu_jn51xx_sizeopt\libgcc.a
LOAD c:/mwsdk/tools/ba-elf-ba2-r36379/bin/../lib/gcc/ba-elf/4.7.4/../../../../ba-elf/lib/mcpu_jn51xx_sizeopt\libc.a
LOAD c:/MWSDK/Wks_TWELITE/Just-Receive-AndShow/../../TWENET/L1200/lib/libTWENET_BLUE.a
LOAD c:/MWSDK/Wks_TWELITE/Just-Receive-AndShow/../../TWENET/L1200/lib/libTWENEText_BLUE.a
LOAD c:/MWSDK/Wks_TWELITE/Just-Receive-AndShow/../../TWENET/L1200/lib/libTWENETutils_BLUE.a
START GROUP
LOAD c:/MWSDK/ChipLib/SW4063V1416/Components/Library\libAppApi_JN516x.a
LOAD c:/MWSDK/ChipLib/SW4063V1416/Components/Library\libMAC_JN516x.a
LOAD c:/MWSDK/ChipLib/SW4063V1416/Components/Library\libTimerServer_JN516x.a
LOAD c:/MWSDK/ChipLib/SW4063V1416/Components/Library\libTOF_JN516x.a
LOAD c:/MWSDK/ChipLib/SW4063V1416/Components/Library\libXcv_JN516x.a
LOAD c:/MWSDK/ChipLib/SW4063V1416/Components/Library\libAes_JN516x.a
LOAD c:/MWSDK/ChipLib/SW4063V1416/Components/Library\libHardwareApi_JN516x.a
LOAD c:/MWSDK/ChipLib/SW4063V1416/Components/Library\libMicroSpecific_JN516x.a
LOAD c:/MWSDK/ChipLib/SW4063V1416/Components/Library\libBoot_JN516x.a
LOAD c:/MWSDK/ChipLib/SW4063V1416/Components/Library\libPDM_EEPROM_JN516x_NO_RTOS.a
LOAD c:/MWSDK/Wks_TWELITE/Just-Receive-AndShow/../../TWENET/L1200/lib/libTWENET_BLUE.a
LOAD c:/MWSDK/Wks_TWELITE/Just-Receive-AndShow/../../TWENET/L1200/lib/libTWENEText_BLUE.a
LOAD c:/MWSDK/Wks_TWELITE/Just-Receive-AndShow/../../TWENET/L1200/lib/libTWENETutils_BLUE.a
END GROUP
LOAD c:/mwsdk/tools/ba-elf-ba2-r36379/bin/../lib/gcc/ba-elf/4.7.4/../../../../ba-elf/lib/mcpu_jn51xx_sizeopt\libc.a
LOAD c:/mwsdk/tools/ba-elf-ba2-r36379/bin/../lib/gcc/ba-elf/4.7.4/mcpu_jn51xx_sizeopt\libgcc.a
LOAD c:/mwsdk/tools/ba-elf-ba2-r36379/bin/../lib/gcc/ba-elf/4.7.4/../../../../ba-elf/lib/mcpu_jn51xx_sizeopt\libc.a
                0x0000000000000800                _stack_size = 0x800
                0x0000000000080038                _exception_vsr_table = 0x80038
                0x0000000004000000                pSPIflashFncTable = 0x4000000
                0x0000000000000800                _stack_size = 0x800
                0x0000000000000044                restore_state = 0x44
                0x000000000000004a                bZSPIWaitWIPClear = 0x4a
                0x0000000000000050                u16ZSPIflashRDID = 0x50
                0x0000000000000056                u8SelectFlashChipType = 0x56
                0x000000000000005c                memcpy = 0x5c
                0x0000000000000066                vBootFlashProg = 0x66
                [0x0000000000000d16]                _minimum_heap_size = DEFINED (_minimum_heap_size)?_minimum_heap_size:0xd16
                0x0000000000000000                _SwConfig = (DEFINED (g_bSWConf_Debug) | (DEFINED (g_bSWConf_AltDebugPort) << 0x1))

.version        0x000000000007fffc        0x4
                0x000000000007fffc        0x4 LONG 0x4030008

.bir            0x0000000000080000       0x10
                0x0000000000080000                _flash_start = ABSOLUTE (.)
                0x0000000000080000                _flash_beg = ABSOLUTE (.)
                0x0000000000080000        0x4 LONG 0x12345678
                0x0000000000080004        0x4 LONG 0x11223344
                0x0000000000080008        0x4 LONG 0x55667788
                0x000000000008000c        0x1 BYTE 0x8
                0x000000000008000d        0x1 BYTE 0x1
                0x000000000008000e        0x2 SHORT 0x0

.flashheader    0x0000000000080010       0x28
                0x0000000000080010        0x4 LONG 0x0
                0x0000000000080014        0x4 LONG 0x0
                0x0000000000080018        0x4 LONG 0x0
                0x000000000008001c        0x2 SHORT 0x0
                0x000000000008001e        0x2 SHORT 0x0 ABSOLUTE (_SwConfig)
                0x0000000000080020                _enc_start = ABSOLUTE (.)
                0x0000000000080020        0x4 LONG 0x9fc0 ABSOLUTE (_image_len)
                0x0000000000080024        0x4 LONG 0x89fb0 ABSOLUTE (_flash_data_start)
                0x0000000000080028        0x2 SHORT 0x13 ((ABSOLUTE (_ram_data_start) / 0x4) & 0xffff)
                0x000000000008002a        0x2 SHORT 0x4 ((ABSOLUTE (_ram_data_len) / 0x4) & 0xffff)
                0x000000000008002c        0x2 SHORT 0x17 ((ABSOLUTE (_bss_start) / 0x4) & 0xffff)
                0x000000000008002e        0x2 SHORT 0x666 ((ABSOLUTE (_bss_len) / 0x4) & 0xffff)
                0x0000000000080030        0x4 LONG 0x86278 ABSOLUTE (AppWarmStart)
                0x0000000000080034        0x4 LONG 0x8960a ABSOLUTE (AppColdStart)
                0x0000000000000000                _enc_offset = (_enc_start & 0xf)
                0x0000000000000044                PROVIDE (vException_BusError, restore_state)
                0x0000000000000044                PROVIDE (vException_UnalignedAccess, restore_state)
                0x0000000000000044                PROVIDE (vException_IllegalInstruction, restore_state)
                0x0000000000000044                PROVIDE (vException_SysCall, restore_state)
                0x0000000000000044                PROVIDE (vException_Trap, restore_state)
                0x0000000000000044                PROVIDE (vException_StackOverflow, restore_state)
                0x0000000000080038                . = ABSOLUTE (_exception_vsr_table)

.vsr_table      0x0000000000080038       0x18
                0x0000000000080038        0x4 LONG 0x44 ABSOLUTE (vException_BusError)
                0x000000000008003c        0x4 LONG 0x44 ABSOLUTE (vException_UnalignedAccess)
                0x0000000000080040        0x4 LONG 0x44 ABSOLUTE (vException_IllegalInstruction)
                0x0000000000080044        0x4 LONG 0x44 ABSOLUTE (vException_SysCall)
                0x0000000000080048        0x4 LONG 0x44 ABSOLUTE (vException_Trap)
                0x000000000008004c        0x4 LONG 0x44 ABSOLUTE (vException_StackOverflow)

.vsr_handlers   0x0000000000080050       0xaa
 *(.vsr_handlers)
 .vsr_handlers  0x0000000000080050       0xaa c:/MWSDK/ChipLib/SW4063V1416/Components/Library\libBoot_JN516x.a(ExceptionHandler.o)
                0x0000000000080050                _exception_external_interrupt
                0x00000000000800f8                _default_vsr_dummy

.rodata         0x00000000000800fc      0x450
 *(.rodata*)
 .rodata        0x00000000000800fc      0x1cb C:\Users\Maeoka\AppData\Local\Temp\cceFUDdM.ltrans0.ltrans.o
 *fill*         0x00000000000802c7        0x1 00
 .rodata        0x00000000000802c8       0xd4 C:\Users\Maeoka\AppData\Local\Temp\cceFUDdM.ltrans1.ltrans.o
                0x00000000000802c8                s_aprScanHandleEvt.10423
                0x00000000000802f8                apvActionCalls
                0x0000000000080380                aprLPBMacVectorRamTable
                0x0000000000080394                psTamMacContext
                0x0000000000080398                psTAMcontext
 .rodata.str1.1
                0x000000000008039c       0x24 C:\Users\Maeoka\AppData\Local\Temp\cceFUDdM.ltrans2.ltrans.o
 .rodata        0x00000000000803c0       0x2c C:\Users\Maeoka\AppData\Local\Temp\cceFUDdM.ltrans3.ltrans.o
                0x00000000000803c0                psTamXcvContext
                0x00000000000803c4                CSWTCH.35.20653.20653
                0x00000000000803d8                au32TimerBaseAddress
 .rodata        0x00000000000803ec        0x4 C:\Users\Maeoka\AppData\Local\Temp\cceFUDdM.ltrans4.ltrans.o
 .rodata        0x00000000000803f0       0x19 C:\Users\Maeoka\AppData\Local\Temp\cceFUDdM.ltrans5.ltrans.o
                0x00000000000803f0                gbHighPowerMode
                0x00000000000803f1                gu8ModuleID
 *fill*         0x0000000000080409        0x3 00
 .rodata        0x000000000008040c       0x14 C:\Users\Maeoka\AppData\Local\Temp\cceFUDdM.ltrans6.ltrans.o
 .rodata        0x0000000000080420        0xa C:\Users\Maeoka\AppData\Local\Temp\cceFUDdM.ltrans7.ltrans.o
 .rodata        0x000000000008042a        0x6 C:\Users\Maeoka\AppData\Local\Temp\cceFUDdM.ltrans8.ltrans.o
                0x000000000008042a                aeXcvPhyEvtToScanEvt.5394.10426
 .rodata.str1.1
                0x0000000000080430       0x22 C:\Users\Maeoka\AppData\Local\Temp\cceFUDdM.ltrans9.ltrans.o
 *fill*         0x0000000000080452        0x2 00
 .rodata        0x0000000000080454       0x38 C:\Users\Maeoka\AppData\Local\Temp\cceFUDdM.ltrans9.ltrans.o
                0x0000000000080454                asStateFuncTbl.2372
 .rodata        0x000000000008048c       0x18 C:\Users\Maeoka\AppData\Local\Temp\cceFUDdM.ltrans10.ltrans.o
 .rodata.str1.1
                0x00000000000804a4        0xf C:\Users\Maeoka\AppData\Local\Temp\cceFUDdM.ltrans11.ltrans.o
                                         0x20 (size before relaxing)
 *fill*         0x00000000000804b3        0x1 00
 .rodata        0x00000000000804b4        0x8 C:\Users\Maeoka\AppData\Local\Temp\cceFUDdM.ltrans13.ltrans.o
                0x00000000000804b4                au32UartAddrOffset
 .rodata.str1.1
                0x00000000000804bc       0x11 C:\Users\Maeoka\AppData\Local\Temp\cceFUDdM.ltrans14.ltrans.o
 *fill*         0x00000000000804cd        0x3 00
 .rodata        0x00000000000804d0       0x7c C:\Users\Maeoka\AppData\Local\Temp\cceFUDdM.ltrans14.ltrans.o
                0x0000000000080504                u32MacLow_TOCOS
                0x0000000000080508                u32MacHigh_TOCOS

.text           0x000000000008054c     0x9a62
 *(.text*)
 .text          0x000000000008054c     0x1361 C:\Users\Maeoka\AppData\Local\Temp\cceFUDdM.ltrans0.ltrans.o
                0x000000000008054c                vTTIBLETimerExpired
                0x0000000000080557                mac_vLPBAdjustBeaconOffset
                0x00000000000805b4                mac_u32LPBGetBeaconTimeout
                0x00000000000805bd                eWEnDTmrExpiry.10064
                0x00000000000805c8                eWEnDEdDone.10061
                0x0000000000080623                eGenlDontCare.10058
                0x0000000000080628                eGenlIllegal.9683
                0x000000000008062f                u32GetTimer0
                0x0000000000080636                vSetTimer0
                0x0000000000080645                SPRINTF_bPutChar.4573
                0x0000000000080681                vHandlerPatch.4286
                0x00000000000806b8                u8HwEventHandler.1683
                0x00000000000806d7                vACI_CmdWaitBusy
                0x00000000000806e4                vEcbEncodeStripe.19987
                0x000000000008073b                vTAIdisableInterrupt
                0x0000000000080754                vUpdateRegisters.19677
                0x000000000008079b                psRemove.part.0.19627
                0x00000000000807ca                MAC_u8AclFindInfo
                0x00000000000808f4                vTASretrieveSecurity
                0x0000000000080916                MAC_bLookUpKeyDescriptor.17179
                0x0000000000080990                u8TSCframeIncrease
                0x00000000000809c9                vCopyToDataFromMacAddr.17089
                0x00000000000809fc                bTSCgetOutgoingInfo
                0x0000000000080b05                psTAQsearchFifo
                0x0000000000080b4e                bTAQremoveFromFifo
                0x0000000000080b8b                vTAMinsertEvent
                0x0000000000080bf1                vTTITimer2Expired
                0x0000000000080bf5                vTTITimer1Expired
                0x0000000000080bf9                vTAM_TxRetryTimeout
                0x0000000000080bfd                vTACsetTxFrameDefaults
                0x0000000000080c23                u8TACgetHeaderSize
                0x0000000000080c60                bUpdateTime.15407
                0x0000000000080c9b                u32TACpayloadToU32M
                0x0000000000080cbc                vTACu32ToPayloadM
                0x0000000000080cd4                vTACbuildBeacon
                0x0000000000080edc                bTACframeInProgress
                0x0000000000080f06                bTACassessBeaconForPayload
                0x0000000000080f57                bIsBbcSafeForTx
                0x0000000000080f8c                vTATwriteAclMaterialToHardware
                0x0000000000080fb1                vTATsetBLE
                0x0000000000080fe8                vTATgetFramePayload
                0x0000000000081005                eTATreadTXstatus
                0x000000000008104b                vTAHsetPhyStateDirect.part.0.14548
                0x0000000000081067                vDoGoOff.16369
                0x0000000000081081                vMEMreturn
                0x00000000000810f2                vTACinformOriginator
                0x0000000000081114                vTTITransactionTimerExpired
                0x000000000008113c                pvMEMget
                0x0000000000081168                vTAMDEdetermineNullState
                0x0000000000081182                vTAMCOupdatePendingList
                0x0000000000081254                vTAMCOsetCoordinator
                0x000000000008127a                vPhySetChannel
                0x0000000000081293                eScanHandleEvt.part.0.10094
                0x00000000000812bc                mac_eDcfmIndPost
                0x00000000000812dd                mac_psDcfmIndGetBuf
                0x00000000000812fe                vMAC_MISCpollConfirm
                0x000000000008132e                vMLMErxEnableConfirm
                0x0000000000081360                vMLMEcommStatus
                0x00000000000813c3                vMLMEcommStatusFromFrame
                0x0000000000081407                vTSCpostTransmitUpdate
                0x0000000000081436                vMLMEsyncLoss
                0x0000000000081469                vPMICpostFailedAssocDcfm
                0x00000000000814a1                vPMICassocReqTO_2.8511
                0x00000000000814b8                MAC_vPibSetPanId
                0x00000000000814d3                vHandleTofRequest.6617
                0x00000000000814d6                vAppApiDefSetPrbsSeed
                0x00000000000814fa                u8CCITT8
                0x0000000000081520                Mac_vInit
                0x000000000008156c                bAES_CCM_KeyReg
                0x00000000000815ab                bFifoPush.3013
                0x00000000000815e4                vAppQApiPostMlme.2999
                0x0000000000081603                vAppQApiPostMcps.3006
                0x000000000008161e                pvFifoPull.3010
                0x0000000000081645                psAppQApiGetMlmeBuffer.2996
                0x000000000008164d                psAppQApiGetMcpsBuffer.3003
                0x0000000000081655                ToCoNet_vReg_mod_TxRxQueueMid
                0x00000000000816d6                PRSEV_vSetState
                0x00000000000816e6                PRSEV_u8Register
                0x0000000000081718                PRSEV_vProcessEv_core.1479
                0x00000000000817b4                PRSEV_vProcessEvPost
                0x00000000000817e6                _PRSEV_vProcessEvSingle
                0x00000000000817f3                vHnd_E_STATE_FINISH_TX_FAIL.2316
                0x00000000000818a0                ToCoNet_vMacStart
 .text.unlikely
                0x00000000000818ad        0xf C:\Users\Maeoka\AppData\Local\Temp\cceFUDdM.ltrans0.ltrans.o
                0x00000000000818ad                _PRSEV_vProcessEvSingleH
 .text          0x00000000000818bc      0xba0 C:\Users\Maeoka\AppData\Local\Temp\cceFUDdM.ltrans1.ltrans.o
                0x00000000000818bc                eWBRTTxDone.10080
                0x00000000000818da                vTAMCOframeTXgoingIdle
                0x00000000000818f3                vTAMCOframeTXcap
                0x0000000000081917                eWCoRRxDone.10071
                0x00000000000819c1                eWBcnRxDone.10083
                0x0000000000081faa                vTAMCOframeRXcap
                0x0000000000081fbc                vTAMCOframeRXgoingIdle
                0x0000000000081fd2                vTAMCOframeRXnobeacon
                0x0000000000081fe4                vTAMDEframeRX
                0x000000000008200c                vTAMDEframeRXtrackingDR
                0x000000000008204f                vTAMDEframePreSyncReq
                0x0000000000082067                vTAMCOframeTXbeacon
                0x000000000008212e                vTAMDEframeRXsyncReq
                0x000000000008237d                vTAMDEint1FiredTrackingCAPgts
                0x000000000008242e                eWONTTxDone.10077
 .text          0x000000000008245c      0xc4f C:\Users\Maeoka\AppData\Local\Temp\cceFUDdM.ltrans2.ltrans.o
                0x0000000000082597                vProcessEvCoreTx.2308
                0x0000000000082616                vHnd_E_STATE_FINISH_TX_SUCCESS.2321
                0x0000000000082695                ToCoNet_vInit
                0x00000000000829c0                vExpireHead.19632
                0x00000000000829f0                vfPrintf.constprop.47
                0x0000000000082b8b                vProcessEvCore.1357
                0x0000000000082bd9                vMicroIntEnableOnly.constprop.43
                0x0000000000082c05                QUEUE__u8RemoveItem
                0x0000000000082c5f                vHnd_E_STATE_RUNNING.2347
                0x0000000000082eb1                QUEUE__vAddItem.constprop.42
                0x0000000000082ee3                vHnd_E_STATE_IDLE.2331
                0x0000000000082f38                vAHI_ProtocolPower.constprop.39
                0x0000000000082f46                XCV_vCtor.constprop.37
 .text.unlikely
                0x00000000000830ab       0x7a C:\Users\Maeoka\AppData\Local\Temp\cceFUDdM.ltrans2.ltrans.o
                0x00000000000830ab                u32AppQApiInitInt_PATCH
                0x00000000000830ba                vAHI_TimerEnable.part.1.20520.constprop.22
 .text          0x0000000000083125      0x2d2 C:\Users\Maeoka\AppData\Local\Temp\cceFUDdM.ltrans3.ltrans.o
                0x0000000000083125                u32AppApiDefInit
                0x0000000000083390                vProcessEvCoreMac
 .text.unlikely
                0x00000000000833f7      0x484 C:\Users\Maeoka\AppData\Local\Temp\cceFUDdM.ltrans3.ltrans.o
                0x00000000000833f7                ToCoNet_vStart
 .text          0x000000000008387b      0xa3d C:\Users\Maeoka\AppData\Local\Temp\cceFUDdM.ltrans4.ltrans.o
                0x000000000008387b                vTACintRXheader
                0x0000000000084076                SERIAL_bTxChar
                0x0000000000084123                vTAMCOint1FiredCAP
                0x0000000000084196                vTAMCOstartBeacon
                0x00000000000841d2                vStartStoreValues.12730
                0x0000000000084289                bStartCallback.12759
 .text          0x00000000000842b8      0x7b4 C:\Users\Maeoka\AppData\Local\Temp\cceFUDdM.ltrans5.ltrans.o
                0x00000000000842b8                UART_vHandleUartInterrupt.4411
                0x0000000000084343                vXCV_IntHandlerPhy
                0x00000000000843f5                vScanHandleTimer.9680
                0x00000000000843fa                vXCV_IntHandlerBbc
                0x000000000008449d                u8TAM_AES_WriteAuxilliarySecurityHeaderIntoBuffer
                0x000000000008450f                phy_ePibSet.part.1.11890
                0x0000000000084557                u32AHI_ReadIndexSectorBits.constprop.9
                0x00000000000845b8                vTAIsetCapTime
                0x00000000000845d9                vTAIsetRxEnableTime
                0x00000000000845fa                vDoGoActive.16371
                0x000000000008461c                vTAMRXEint2Fired
                0x0000000000084652                vMLMEbeaconNotify
                0x00000000000847b0                bAHI_ReadMACID
                0x00000000000847f6                vTAMRXEsetPhy
                0x00000000000848b9                vTAHsetPhyState
                0x00000000000848e9                vTAMCOint2Fired
                0x0000000000084909                vSetPHYfromMacValue.13205
                0x000000000008493b                vTAMDEint1FiredWaitDR
                0x0000000000084948                vTACsetPHYfromMacValue
                0x0000000000084969                vTAMRXEsetReceiveForPibChange
                0x00000000000849a9                vMCPSframeReceived
 .text.unlikely
                0x0000000000084a6c      0x181 C:\Users\Maeoka\AppData\Local\Temp\cceFUDdM.ltrans5.ltrans.o
                0x0000000000084ae5                bStartXtal32k.20329
 .text          0x0000000000084bed      0xa92 C:\Users\Maeoka\AppData\Local\Temp\cceFUDdM.ltrans6.ltrans.o
                0x0000000000084c02                mac_vLPBStartTimer
                0x0000000000084f74                vTimerCallback.20305
                0x0000000000084fea                bAHI_SetClockRate
                0x00000000000850f5                pvHeap_Alloc
                0x00000000000850f7                u32AHI_Init
                0x00000000000851b9                vMicroIntRestoreState
                0x00000000000851c5                vAHI_WakeTimerStop.part.3.20985
                0x00000000000851e5                mac_vLPBStopTimer
                0x00000000000851ef                vAHI_UartSetRTSCTS.part.15.20766
                0x0000000000085216                vAHI_UartReset.part.4.20739
                0x000000000008524e                vAHI_UartSetBaudDivisor.part.1.20719
                0x000000000008528d                vAHI_WatchdogStop
                0x00000000000852a4                vAHI_CpuDoze
                0x00000000000852b7                vAHI_DioSetOutput
                0x00000000000852cb                vAHI_DioSetDirection
                0x00000000000852df                vACI_OptimisedCcmStar
                0x00000000000854f7                bAES_CCMstar
                0x00000000000855c3                bAES_CCM_DecodeKey
 .text.unlikely
                0x000000000008567f       0x56 C:\Users\Maeoka\AppData\Local\Temp\cceFUDdM.ltrans6.ltrans.o
                0x000000000008567f                vAHI_MemoryHold.20419
                0x00000000000856c4                vStartXtal32kExternalRc.20319
 .text          0x00000000000856d5      0xacc C:\Users\Maeoka\AppData\Local\Temp\cceFUDdM.ltrans7.ltrans.o
                0x0000000000085835                bAES_CCM_EncodeKey
                0x00000000000858e2                SERIAL_vTxReady
                0x000000000008591a                vAppQApiPostHwIntT.2992
                0x0000000000085997                bTAM_AES_CCMstarPatch
                0x0000000000085adb                bTAM_AES_CCMstarPatch2006
                0x0000000000085dba                bTATsendFrame
                0x0000000000085e0d                vTrySendFromDirectCAP.12662
                0x0000000000085e28                vTrySendFromDirectNoBeacon.12666
                0x0000000000085e53                vTAMCOint1Fired
                0x0000000000085f6f                vTAMCOreqTXnoBeacon
                0x0000000000085f80                vTAMCOreqTXinCAP
                0x0000000000085fa5                vTrySendUnslotted.13207
                0x0000000000085fbe                bSendDataRequest.13209
                0x00000000000860d0                bProcessBeaconRX.13212
 *fill*         0x00000000000861a1        0x3 00
 .text          0x00000000000861a4      0xa2c C:\Users\Maeoka\AppData\Local\Temp\cceFUDdM.ltrans8.ltrans.o
                0x00000000000861a4                vPostDcfm.10067
                0x0000000000086278                AppWarmStart
                0x00000000000862f4                vSetNextChannel.10115
                0x000000000008634d                MAC_vHandleMlmeReqRsp
                0x0000000000086afd                vTAMDEint1FiredTracking
                0x0000000000086b6c                vTAMDEint1FiredSyncReq
 .text          0x0000000000086bd0      0xb30 C:\Users\Maeoka\AppData\Local\Temp\cceFUDdM.ltrans9.ltrans.o
                0x0000000000086bd0                TSV_eStart
                0x0000000000086cb4                eTAStransmitRequest
                0x000000000008704f                TSV_eOpen
                0x0000000000087057                vAppApiDefRestoreMacSettings
                0x0000000000087128                vAppApiDefSaveMacSettings
                0x0000000000087185                mac_vLPBSleep
                0x000000000008724a                pvAppApiDefGetMacAddrLocation
                0x0000000000087253                eAppApiDefPlmeGet
                0x00000000000872a5                vHnd_E_STATE_PREPARE_TX.2326
 *fill*         0x0000000000087700        0x0 00
 .text          0x0000000000087700      0x95c C:\Users\Maeoka\AppData\Local\Temp\cceFUDdM.ltrans10.ltrans.o
                0x0000000000087700                vPMICassocReqTO_1.8504
                0x0000000000087788                vTAM_MCPSdataRequest
                0x00000000000877cb                bTACcheckPANconflict
                0x0000000000087884                vTAMDEstartSync
                0x0000000000087903                eTAMselect
                0x0000000000087a44                MAC_pvCtor
                0x0000000000087e5f                vDeterminePowerState.13329
                0x0000000000087ee3                vTAMDEint1FiredTrackingBeacon
                0x0000000000087f83                vTAMDEint2FiredTrackingDR
                0x0000000000087fa8                vTAMDEframeTXtrackingDR
                0x0000000000088001                vTAMDEint2FiredPollActive
                0x0000000000088035                vTAMDEreqTXnullTrackingCAP
                0x000000000008804e                vTAM_TxRetryTimer
 .text          0x000000000008805c      0x7c1 C:\Users\Maeoka\AppData\Local\Temp\cceFUDdM.ltrans11.ltrans.o
                0x000000000008805c                ToCoNet_vMain
                0x0000000000088789                ToCoNet_ChMgr_vCh_TxFin
                0x00000000000887b6                vHnd_E_STATE_WAIT_TX.2339
 *fill*         0x000000000008881d        0x3 00
 .text          0x0000000000088820      0x780 C:\Users\Maeoka\AppData\Local\Temp\cceFUDdM.ltrans12.ltrans.o
                0x0000000000088820                eGenTmrExpiry.10376
                0x0000000000088862                eWEDTEdDone.10379
                0x0000000000088886                TSV_eStop
                0x0000000000088944                bPMICdisassocReqSent.8500
                0x00000000000889fe                MAC_vHandleMcpsReqRsp
                0x0000000000088a8b                bMCPSframeTXcomplete.11111
                0x0000000000088ae0                bSendSyncLoss.15342
                0x0000000000088af8                bPollReqSent.18938
                0x0000000000088b10                bTASsendCommStatusInd
                0x0000000000088b25                bAssocRespSent.8496
                0x0000000000088b38                eTACprocessFrameTXcomplete
                0x0000000000088cb5                vTAMCOframeTXnobeacon
                0x0000000000088cca                vTAMCOframeStarting
                0x0000000000088ce3                vTAMDEframeTXDEnull
                0x0000000000088d06                vTAMDEframeTXtrackingCAPgts
                0x0000000000088d32                bPMICassocReqSent.8492
                0x0000000000088db4                bPMICassocReqPollSent.8507
                0x0000000000088e08                eWChCChanChgd.10091
 .text          0x0000000000088fa0      0x64d C:\Users\Maeoka\AppData\Local\Temp\cceFUDdM.ltrans13.ltrans.o
                0x0000000000089026                eGenRxHdrDone.10074
                0x0000000000089036                eAppApiDefPlmeSet
                0x000000000008908f                _ToCoNet_bRfChChannel
                0x00000000000890f6                ToCoNet_ChMgr_bCh_Reconfig
                0x000000000008915e                vAppApiDefMcpsRequest
                0x0000000000089189                vAppApiDefMlmeRequest
                0x00000000000891b4                pvAppApiDefGetMacHandle
                0x00000000000891bd                vInitHardware.1365
                0x0000000000089588                cbAppColdStart.part.1.1369
 .text.unlikely
                0x00000000000895ed       0x1d C:\Users\Maeoka\AppData\Local\Temp\cceFUDdM.ltrans13.ltrans.o
                0x00000000000895ed                Mac_vReset
 .text          0x000000000008960a      0x531 C:\Users\Maeoka\AppData\Local\Temp\cceFUDdM.ltrans14.ltrans.o
                0x000000000008960a                AppColdStart
 .text          0x0000000000089b3b       0x25 c:/mwsdk/tools/ba-elf-ba2-r36379/bin/../lib/gcc/ba-elf/4.7.4/../../../../ba-elf/lib/mcpu_jn51xx_sizeopt\libc.a(lib_a-memcmp.o)
                0x0000000000089b3b                memcmp
 .text          0x0000000000089b60       0x19 c:/mwsdk/tools/ba-elf-ba2-r36379/bin/../lib/gcc/ba-elf/4.7.4/../../../../ba-elf/lib/mcpu_jn51xx_sizeopt\libc.a(lib_a-memcpy.o)
 .text          0x0000000000089b79       0x12 c:/mwsdk/tools/ba-elf-ba2-r36379/bin/../lib/gcc/ba-elf/4.7.4/../../../../ba-elf/lib/mcpu_jn51xx_sizeopt\libc.a(lib_a-memset.o)
                0x0000000000089b79                memset
 *fill*         0x0000000000089b8b        0x1 00
 .text          0x0000000000089b8c      0x204 c:/mwsdk/tools/ba-elf-ba2-r36379/bin/../lib/gcc/ba-elf/4.7.4/mcpu_jn51xx_sizeopt\libgcc.a(__udivsi3.o)
                0x0000000000089b8c                __udivsi3
 .text          0x0000000000089d90       0x30 c:/mwsdk/tools/ba-elf-ba2-r36379/bin/../lib/gcc/ba-elf/4.7.4/mcpu_jn51xx_sizeopt\libgcc.a(__divsi3.o)
                0x0000000000089d90                __divsi3
 .text          0x0000000000089dc0      0x1b0 c:/mwsdk/tools/ba-elf-ba2-r36379/bin/../lib/gcc/ba-elf/4.7.4/mcpu_jn51xx_sizeopt\libgcc.a(__umodsi3.o)
                0x0000000000089dc0                __umodsi3
 .text          0x0000000000089f70       0x27 c:/MWSDK/ChipLib/SW4063V1416/Components/Library\libHardwareApi_JN516x.a(AHI_Interrupt.o)
                0x0000000000089f70                vAHI_InterruptSetPriority
                0x0000000000089f8e                vAHI_InterruptSetActivePriorityLevel
 .text.vMicroSyscall
                0x0000000000089f97       0x17 c:/MWSDK/ChipLib/SW4063V1416/Components/Library\libMicroSpecific_JN516x.a(MicroSyscall_ba.o)
                0x0000000000089f97                vMicroSyscall
                0x0000000000089fae                _flash_end = ABSOLUTE (.)

.rela.dyn       0x0000000000089fb0        0x0
 .rela.text     0x0000000000000000        0x0 C:\Users\Maeoka\AppData\Local\Temp\cceFUDdM.ltrans0.ltrans.o
 .rela.rodata   0x0000000000000000        0x0 C:\Users\Maeoka\AppData\Local\Temp\cceFUDdM.ltrans0.ltrans.o
 .rela.text.unlikely
                0x0000000000000000        0x0 C:\Users\Maeoka\AppData\Local\Temp\cceFUDdM.ltrans0.ltrans.o
 .rela.data     0x0000000000000000        0x0 C:\Users\Maeoka\AppData\Local\Temp\cceFUDdM.ltrans0.ltrans.o
                0x000000000400004c                . = ORIGIN (ram)

.data           0x000000000400004c       0x10 load address 0x0000000000089fb0
                0x000000000400004c                _ram_data_start = ABSOLUTE (.)
 *(.data*)
 .data.initinboot
                0x000000000400004c        0x8 C:\Users\Maeoka\AppData\Local\Temp\cceFUDdM.ltrans2.ltrans.o
 .data          0x0000000004000054        0x4 C:\Users\Maeoka\AppData\Local\Temp\cceFUDdM.ltrans6.ltrans.o
                0x0000000004000054                u32HeapStart
 .data          0x0000000004000058        0x1 C:\Users\Maeoka\AppData\Local\Temp\cceFUDdM.ltrans9.ltrans.o
                0x0000000004000058                u8TxWkrNow.2449
 .data          0x0000000004000059        0x1 C:\Users\Maeoka\AppData\Local\Temp\cceFUDdM.ltrans10.ltrans.o
 .data.initinboot
                0x000000000400005a        0x1 C:\Users\Maeoka\AppData\Local\Temp\cceFUDdM.ltrans10.ltrans.o
                0x000000000400005a                gMAC_u8MaxBuffers
 .data          0x000000000400005b        0x1 C:\Users\Maeoka\AppData\Local\Temp\cceFUDdM.ltrans11.ltrans.o
 *(.data.*)
                0x000000000400005c                . = ALIGN (0x4)
                0x000000000400005c                _ram_data_end = ABSOLUTE (.)

.bss            0x000000000400005c     0x1998 load address 0x0000000000089fc0
                0x000000000400005c                _bss_start = ABSOLUTE (.)
 *(.bss*)
 .bss           0x000000000400005c      0xb04 C:\Users\Maeoka\AppData\Local\Temp\cceFUDdM.ltrans0.ltrans.o
 .bss           0x0000000004000b60       0x40 C:\Users\Maeoka\AppData\Local\Temp\cceFUDdM.ltrans1.ltrans.o
                0x0000000004000b60                g_sLP
                0x0000000004000b9c                g_pvMac
 .bss.initinboot
                0x0000000004000ba0      0x1c0 C:\Users\Maeoka\AppData\Local\Temp\cceFUDdM.ltrans1.ltrans.o
                0x0000000004000ba0                g_sMac
 .bss           0x0000000004000d60      0x728 C:\Users\Maeoka\AppData\Local\Temp\cceFUDdM.ltrans2.ltrans.o
                0x0000000004000d60                prApAppCallback.20168
                0x0000000004000d64                prSpiAppCallback.20293
                0x0000000004000d68                prSiAppCallback.21488
                0x0000000004000d6c                prAppMcpsCallback.3235
                0x0000000004000d70                prAppMlmeCallback.3236
 .bss.initinboot
                0x0000000004001488        0x4 C:\Users\Maeoka\AppData\Local\Temp\cceFUDdM.ltrans2.ltrans.o
                0x0000000004001488                prSysCtrlAppCallback.20496
 .bss.dontinitinboot
                0x000000000400148c        0x8 C:\Users\Maeoka\AppData\Local\Temp\cceFUDdM.ltrans2.ltrans.o
 .bss           0x0000000004001494      0x170 C:\Users\Maeoka\AppData\Local\Temp\cceFUDdM.ltrans3.ltrans.o
                0x0000000004001494                g_sXcv
                0x0000000004001498                prMcpsRequest.5504
                0x000000000400149c                prMlmeRequest.5503
                0x00000000040014a0                prOriginalHandler.4290
                0x00000000040014a4                psRxQueueList.4156
                0x00000000040014b8                prTickTimeAppCallback
                0x00000000040014bc                apfTimerAppCallback.20705
                0x00000000040014d0                au16TimerSettings.20654
                0x00000000040014dc                asEventHandler.1542
                0x000000000400155c                sEvVars
                0x0000000004001578                u32TickCount_ms
                0x000000000400157c                au8Txdatabuff_idx_sTxQueue
                0x0000000004001580                u8TxBuffSiz_sTxQueue
                0x0000000004001584                sTxdatabuff_sTxQueue
                0x0000000004001588                sTxQueue
                0x00000000040015a4                au8Rxdatabuff_idx_sRxQueue
                0x00000000040015a8                u8RxBuffSiz_sRxQueue
                0x00000000040015ac                sRxdatabuff_sRxQueue
                0x00000000040015b0                sRxQueue
                0x00000000040015cc                au8Rxdatabuff_idx_sRxQueueCmd
                0x00000000040015d0                u8RxBuffSiz_sRxQueueCmd
                0x00000000040015d4                sRxdatabuff_sRxQueueCmd
                0x00000000040015d8                sRxQueueCmd.1980
 .bss           0x0000000004001604        0x8 C:\Users\Maeoka\AppData\Local\Temp\cceFUDdM.ltrans4.ltrans.o
 .bss           0x000000000400160c       0x1c C:\Users\Maeoka\AppData\Local\Temp\cceFUDdM.ltrans5.ltrans.o
                0x000000000400160c                bTxEventQueued.16237
                0x000000000400160d                u8TxEventStatus.16238
                0x000000000400160e                gbTimeOutFlag.20492
                0x0000000004001610                sAppHousekeeping
 .bss           0x0000000004001628        0x4 C:\Users\Maeoka\AppData\Local\Temp\cceFUDdM.ltrans6.ltrans.o
 .bss.dontinitinboot
                0x000000000400162c        0x4 C:\Users\Maeoka\AppData\Local\Temp\cceFUDdM.ltrans6.ltrans.o
 .bss           0x0000000004001630        0x4 C:\Users\Maeoka\AppData\Local\Temp\cceFUDdM.ltrans7.ltrans.o
                0x0000000004001630                prAppHwCallback.3237
 .bss.dontinitinboot
                0x0000000004001634        0x1 C:\Users\Maeoka\AppData\Local\Temp\cceFUDdM.ltrans7.ltrans.o
 *fill*         0x0000000004001635        0x3 00
 .bss           0x0000000004001638       0x70 C:\Users\Maeoka\AppData\Local\Temp\cceFUDdM.ltrans8.ltrans.o
                0x0000000004001638                sToCoNet_AppContext
                0x0000000004001654                sToCoNet_Context
                0x0000000004001698                sAssocSecurity.9121
                0x00000000040016a4                g_bJenieBackwardsCompatibilityMode
 .bss           0x00000000040016a8       0x34 C:\Users\Maeoka\AppData\Local\Temp\cceFUDdM.ltrans9.ltrans.o
                0x00000000040016a8                sCh_Context.2870
                0x00000000040016ac                u8AppId_Pkt_head.4159
                0x00000000040016b0                u32MyAddr.4158
                0x00000000040016b4                u32AppId.4155
                0x00000000040016b8                asTx.2406
 .bss.initinboot
                0x00000000040016dc        0x1 C:\Users\Maeoka\AppData\Local\Temp\cceFUDdM.ltrans9.ltrans.o
 *fill*         0x00000000040016dd        0x3 00
 .bss.initinboot
                0x00000000040016e0        0x8 C:\Users\Maeoka\AppData\Local\Temp\cceFUDdM.ltrans10.ltrans.o
                0x00000000040016e0                g_u32MacAddrLocation
                0x00000000040016e4                prvUserTxStartedCallback
 .bss           0x00000000040016e8       0x7c C:\Users\Maeoka\AppData\Local\Temp\cceFUDdM.ltrans11.ltrans.o
                0x00000000040016e8                sMcpsIndQueue.3231
                0x00000000040016f8                bRxQueue_Init.4157
                0x00000000040016fc                sMcpsIndBufferQueue.3229
                0x000000000400170c                sMlmeIndQueue.3232
                0x000000000400171c                sMlmeIndBufferQueue.3230
                0x000000000400172c                sHwIndQueue.3233
                0x000000000400173c                sHwIndBufferQueue.3234
                0x000000000400174c                sSerStream.1429
 .bss           0x0000000004001764       0x14 C:\Users\Maeoka\AppData\Local\Temp\cceFUDdM.ltrans12.ltrans.o
                0x0000000004001764                s_sTimerList
                0x0000000004001774                u8AssocResponsesInProgress.9120
 .bss           0x0000000004001778      0x1a4 C:\Users\Maeoka\AppData\Local\Temp\cceFUDdM.ltrans13.ltrans.o
                0x0000000004001778                prUart1AppCallback.20960
                0x000000000400177c                prUart0AppCallback.20959
                0x0000000004001780                asUARTS.4455
                0x00000000040017a0                asSerialPorts
                0x00000000040017d8                au8sprintf.4619
                0x00000000040017dc                SPRINTF_MAX_BUFF.4621
 .bss           0x000000000400191c       0x98 C:\Users\Maeoka\AppData\Local\Temp\cceFUDdM.ltrans14.ltrans.o
                0x000000000400191c                sContext.4280
                0x0000000004001948                sToCoNet_Modules
 .bss.dontinitinboot
                0x00000000040019b4       0x40 c:/MWSDK/ChipLib/SW4063V1416/Components/Library\libBoot_JN516x.a(ExceptionHandler.o)
                0x00000000040019b4                isr_handlers
 *(.bss.*)
 *(.scommon*)
 *(.scommon.*)
 *(COMMON)
                0x00000000040019f4                . = ALIGN (0x4)
                0x00000000040019f4                _bss_end = ABSOLUTE (.)

.heap           0x00000000040019f4      0xd16 load address 0x000000000008b958
                0x00000000040019f4                _heap_start = ABSOLUTE (.)
                0x000000000400270a                . = (. + _minimum_heap_size)
 *fill*         0x00000000040019f4      0xd16 00

.stack          0x0000000004007800      0x800 load address 0x0000000000091764
                0x0000000004007800                _heap_end = ABSOLUTE (.)
                0x0000000004007800                _stack_low_water_mark = ABSOLUTE (.)
                0x0000000004008000                . = (. + _stack_size)
 *fill*         0x0000000004007800      0x800 00

.test           0x0000000000089fc0        0x1
                0x0000000000089fc0        0x1 BYTE 0xff
                0x0000000000089fb0                _flash_data_start = LOADADDR (.data)
                0x0000000000000010                _ram_data_len = (((_ram_data_end - _ram_data_start) + 0x3) & 0xfffffffffffffffc)
                0x0000000000001998                _bss_len = (((_bss_end - _bss_start) + 0x3) & 0xfffffffffffffffc)
                0x0000000000009fc0                _image_len = ((((_flash_end - _flash_start) + _ram_data_len) + 0x3) & 0xfffffffffffffffc)
                0x0000000004008000                _ram_top = (ABSOLUTE (ORIGIN (ram)) + 0x7fb4)
                0x0000000004008000                ram_top = (ABSOLUTE (ORIGIN (ram)) + 0x7fb4)
                0x0000000001001580                _app_ram_start = 0x1001580
                0x0000000004000054                PROVIDE (_heap_location, u32HeapStart)
                0x0000000004000054                PROVIDE (heap_location, u32HeapStart)
                0x000000000008704f                TSV_eOpenVector = TSV_eOpen
                0x0000000000086bd0                TSV_eStartVector = TSV_eStart
                0x0000000000088886                TSV_eStopVector = TSV_eStop
                0x00000000000891b4                pvAppApiGetMacHandle = pvAppApiDefGetMacHandle
                0x0000000000083125                u32AppApiInit = u32AppApiDefInit
                0x0000000000089189                vAppApiMlmeRequest = vAppApiDefMlmeRequest
                0x000000000008915e                vAppApiMcpsRequest = vAppApiDefMcpsRequest
                0x0000000000089036                eAppApiPlmeSet = eAppApiDefPlmeSet
                0x0000000000087253                eAppApiPlmeGet = eAppApiDefPlmeGet
                0x000000000008724a                pvAppApiGetMacAddrLocation = pvAppApiDefGetMacAddrLocation
                0x0000000000087128                vAppApiSaveMacSettings = vAppApiDefSaveMacSettings
                0x0000000000087057                vAppApiRestoreMacSettings = vAppApiDefRestoreMacSettings
OUTPUT(objs_BLUE/Just-Receive-AndShow_Main_BLUE_L1200_V0-1-1.elf elf32-ba)

.comment        0x0000000000000000       0x11
 .comment       0x0000000000000000       0x12 C:\Users\Maeoka\AppData\Local\Temp\cceFUDdM.ltrans0.ltrans.o
 .comment       0x0000000000000000       0x12 C:\Users\Maeoka\AppData\Local\Temp\cceFUDdM.ltrans1.ltrans.o
 .comment       0x0000000000000000       0x12 C:\Users\Maeoka\AppData\Local\Temp\cceFUDdM.ltrans2.ltrans.o
 .comment       0x0000000000000000       0x12 C:\Users\Maeoka\AppData\Local\Temp\cceFUDdM.ltrans3.ltrans.o
 .comment       0x0000000000000000       0x12 C:\Users\Maeoka\AppData\Local\Temp\cceFUDdM.ltrans4.ltrans.o
 .comment       0x0000000000000000       0x12 C:\Users\Maeoka\AppData\Local\Temp\cceFUDdM.ltrans5.ltrans.o
 .comment       0x0000000000000000       0x12 C:\Users\Maeoka\AppData\Local\Temp\cceFUDdM.ltrans6.ltrans.o
 .comment       0x0000000000000000       0x12 C:\Users\Maeoka\AppData\Local\Temp\cceFUDdM.ltrans7.ltrans.o
 .comment       0x0000000000000000       0x12 C:\Users\Maeoka\AppData\Local\Temp\cceFUDdM.ltrans8.ltrans.o
 .comment       0x0000000000000000       0x12 C:\Users\Maeoka\AppData\Local\Temp\cceFUDdM.ltrans9.ltrans.o
 .comment       0x0000000000000000       0x12 C:\Users\Maeoka\AppData\Local\Temp\cceFUDdM.ltrans10.ltrans.o
 .comment       0x0000000000000000       0x12 C:\Users\Maeoka\AppData\Local\Temp\cceFUDdM.ltrans11.ltrans.o
 .comment       0x0000000000000000       0x12 C:\Users\Maeoka\AppData\Local\Temp\cceFUDdM.ltrans12.ltrans.o
 .comment       0x0000000000000000       0x12 C:\Users\Maeoka\AppData\Local\Temp\cceFUDdM.ltrans13.ltrans.o
 .comment       0x0000000000000000       0x12 C:\Users\Maeoka\AppData\Local\Temp\cceFUDdM.ltrans14.ltrans.o
 .comment       0x0000000000000000       0x12 c:/mwsdk/tools/ba-elf-ba2-r36379/bin/../lib/gcc/ba-elf/4.7.4/../../../../ba-elf/lib/mcpu_jn51xx_sizeopt\libc.a(lib_a-memcmp.o)
 .comment       0x0000000000000000       0x12 c:/mwsdk/tools/ba-elf-ba2-r36379/bin/../lib/gcc/ba-elf/4.7.4/../../../../ba-elf/lib/mcpu_jn51xx_sizeopt\libc.a(lib_a-memcpy.o)
 .comment       0x0000000000000000       0x12 c:/mwsdk/tools/ba-elf-ba2-r36379/bin/../lib/gcc/ba-elf/4.7.4/../../../../ba-elf/lib/mcpu_jn51xx_sizeopt\libc.a(lib_a-memset.o)
 .comment       0x0000000000000000       0x11 c:/MWSDK/ChipLib/SW4063V1416/Components/Library\libMicroSpecific_JN516x.a(MicroSyscall_ba.o)
                                         0x12 (size before relaxing)

.debug_info     0x0000000000000000      0x596
 .debug_info    0x0000000000000000       0xf3 c:/mwsdk/tools/ba-elf-ba2-r36379/bin/../lib/gcc/ba-elf/4.7.4/../../../../ba-elf/lib/mcpu_jn51xx_sizeopt\libc.a(lib_a-memcmp.o)
 .debug_info    0x00000000000000f3      0x106 c:/mwsdk/tools/ba-elf-ba2-r36379/bin/../lib/gcc/ba-elf/4.7.4/../../../../ba-elf/lib/mcpu_jn51xx_sizeopt\libc.a(lib_a-memcpy.o)
 .debug_info    0x00000000000001f9       0xd7 c:/mwsdk/tools/ba-elf-ba2-r36379/bin/../lib/gcc/ba-elf/4.7.4/../../../../ba-elf/lib/mcpu_jn51xx_sizeopt\libc.a(lib_a-memset.o)
 .debug_info    0x00000000000002d0       0xb4 c:/mwsdk/tools/ba-elf-ba2-r36379/bin/../lib/gcc/ba-elf/4.7.4/mcpu_jn51xx_sizeopt\libgcc.a(__udivsi3.o)
 .debug_info    0x0000000000000384       0xb4 c:/mwsdk/tools/ba-elf-ba2-r36379/bin/../lib/gcc/ba-elf/4.7.4/mcpu_jn51xx_sizeopt\libgcc.a(__divsi3.o)
 .debug_info    0x0000000000000438       0xb4 c:/mwsdk/tools/ba-elf-ba2-r36379/bin/../lib/gcc/ba-elf/4.7.4/mcpu_jn51xx_sizeopt\libgcc.a(__umodsi3.o)
 .debug_info    0x00000000000004ec       0xaa c:/MWSDK/ChipLib/SW4063V1416/Components/Library\libBoot_JN516x.a(ExceptionHandler.o)

.debug_abbrev   0x0000000000000000      0x210
 .debug_abbrev  0x0000000000000000       0x8e c:/mwsdk/tools/ba-elf-ba2-r36379/bin/../lib/gcc/ba-elf/4.7.4/../../../../ba-elf/lib/mcpu_jn51xx_sizeopt\libc.a(lib_a-memcmp.o)
 .debug_abbrev  0x000000000000008e       0xa4 c:/mwsdk/tools/ba-elf-ba2-r36379/bin/../lib/gcc/ba-elf/4.7.4/../../../../ba-elf/lib/mcpu_jn51xx_sizeopt\libc.a(lib_a-memcpy.o)
 .debug_abbrev  0x0000000000000132       0x8e c:/mwsdk/tools/ba-elf-ba2-r36379/bin/../lib/gcc/ba-elf/4.7.4/../../../../ba-elf/lib/mcpu_jn51xx_sizeopt\libc.a(lib_a-memset.o)
 .debug_abbrev  0x00000000000001c0       0x14 c:/mwsdk/tools/ba-elf-ba2-r36379/bin/../lib/gcc/ba-elf/4.7.4/mcpu_jn51xx_sizeopt\libgcc.a(__udivsi3.o)
 .debug_abbrev  0x00000000000001d4       0x14 c:/mwsdk/tools/ba-elf-ba2-r36379/bin/../lib/gcc/ba-elf/4.7.4/mcpu_jn51xx_sizeopt\libgcc.a(__divsi3.o)
 .debug_abbrev  0x00000000000001e8       0x14 c:/mwsdk/tools/ba-elf-ba2-r36379/bin/../lib/gcc/ba-elf/4.7.4/mcpu_jn51xx_sizeopt\libgcc.a(__umodsi3.o)
 .debug_abbrev  0x00000000000001fc       0x14 c:/MWSDK/ChipLib/SW4063V1416/Components/Library\libBoot_JN516x.a(ExceptionHandler.o)

.debug_loc      0x0000000000000000       0xeb
 .debug_loc     0x0000000000000000       0x73 c:/mwsdk/tools/ba-elf-ba2-r36379/bin/../lib/gcc/ba-elf/4.7.4/../../../../ba-elf/lib/mcpu_jn51xx_sizeopt\libc.a(lib_a-memcmp.o)
 .debug_loc     0x0000000000000073       0x39 c:/mwsdk/tools/ba-elf-ba2-r36379/bin/../lib/gcc/ba-elf/4.7.4/../../../../ba-elf/lib/mcpu_jn51xx_sizeopt\libc.a(lib_a-memcpy.o)
 .debug_loc     0x00000000000000ac       0x3f c:/mwsdk/tools/ba-elf-ba2-r36379/bin/../lib/gcc/ba-elf/4.7.4/../../../../ba-elf/lib/mcpu_jn51xx_sizeopt\libc.a(lib_a-memset.o)

.debug_aranges  0x0000000000000000       0xe0
 .debug_aranges
                0x0000000000000000       0x20 c:/mwsdk/tools/ba-elf-ba2-r36379/bin/../lib/gcc/ba-elf/4.7.4/../../../../ba-elf/lib/mcpu_jn51xx_sizeopt\libc.a(lib_a-memcmp.o)
 .debug_aranges
                0x0000000000000020       0x20 c:/mwsdk/tools/ba-elf-ba2-r36379/bin/../lib/gcc/ba-elf/4.7.4/../../../../ba-elf/lib/mcpu_jn51xx_sizeopt\libc.a(lib_a-memcpy.o)
 .debug_aranges
                0x0000000000000040       0x20 c:/mwsdk/tools/ba-elf-ba2-r36379/bin/../lib/gcc/ba-elf/4.7.4/../../../../ba-elf/lib/mcpu_jn51xx_sizeopt\libc.a(lib_a-memset.o)
 .debug_aranges
                0x0000000000000060       0x20 c:/mwsdk/tools/ba-elf-ba2-r36379/bin/../lib/gcc/ba-elf/4.7.4/mcpu_jn51xx_sizeopt\libgcc.a(__udivsi3.o)
 .debug_aranges
                0x0000000000000080       0x20 c:/mwsdk/tools/ba-elf-ba2-r36379/bin/../lib/gcc/ba-elf/4.7.4/mcpu_jn51xx_sizeopt\libgcc.a(__divsi3.o)
 .debug_aranges
                0x00000000000000a0       0x20 c:/mwsdk/tools/ba-elf-ba2-r36379/bin/../lib/gcc/ba-elf/4.7.4/mcpu_jn51xx_sizeopt\libgcc.a(__umodsi3.o)
 .debug_aranges
                0x00000000000000c0       0x20 c:/MWSDK/ChipLib/SW4063V1416/Components/Library\libBoot_JN516x.a(ExceptionHandler.o)

.debug_line     0x0000000000000000      0xe6e
 .debug_line    0x0000000000000000      0x154 c:/mwsdk/tools/ba-elf-ba2-r36379/bin/../lib/gcc/ba-elf/4.7.4/../../../../ba-elf/lib/mcpu_jn51xx_sizeopt\libc.a(lib_a-memcmp.o)
 .debug_line    0x0000000000000154      0x148 c:/mwsdk/tools/ba-elf-ba2-r36379/bin/../lib/gcc/ba-elf/4.7.4/../../../../ba-elf/lib/mcpu_jn51xx_sizeopt\libc.a(lib_a-memcpy.o)
 .debug_line    0x000000000000029c      0x13e c:/mwsdk/tools/ba-elf-ba2-r36379/bin/../lib/gcc/ba-elf/4.7.4/../../../../ba-elf/lib/mcpu_jn51xx_sizeopt\libc.a(lib_a-memset.o)
 .debug_line    0x00000000000003da      0x47b c:/mwsdk/tools/ba-elf-ba2-r36379/bin/../lib/gcc/ba-elf/4.7.4/mcpu_jn51xx_sizeopt\libgcc.a(__udivsi3.o)
 .debug_line    0x0000000000000855       0xbb c:/mwsdk/tools/ba-elf-ba2-r36379/bin/../lib/gcc/ba-elf/4.7.4/mcpu_jn51xx_sizeopt\libgcc.a(__divsi3.o)
 .debug_line    0x0000000000000910      0x3c7 c:/mwsdk/tools/ba-elf-ba2-r36379/bin/../lib/gcc/ba-elf/4.7.4/mcpu_jn51xx_sizeopt\libgcc.a(__umodsi3.o)
 .debug_line    0x0000000000000cd7      0x197 c:/MWSDK/ChipLib/SW4063V1416/Components/Library\libBoot_JN516x.a(ExceptionHandler.o)

.debug_str      0x0000000000000000      0x1bf
 .debug_str     0x0000000000000000      0x119 c:/mwsdk/tools/ba-elf-ba2-r36379/bin/../lib/gcc/ba-elf/4.7.4/../../../../ba-elf/lib/mcpu_jn51xx_sizeopt\libc.a(lib_a-memcmp.o)
                                        0x152 (size before relaxing)
 .debug_str     0x0000000000000119       0x5d c:/mwsdk/tools/ba-elf-ba2-r36379/bin/../lib/gcc/ba-elf/4.7.4/../../../../ba-elf/lib/mcpu_jn51xx_sizeopt\libc.a(lib_a-memcpy.o)
                                        0x166 (size before relaxing)
 .debug_str     0x0000000000000176       0x49 c:/mwsdk/tools/ba-elf-ba2-r36379/bin/../lib/gcc/ba-elf/4.7.4/../../../../ba-elf/lib/mcpu_jn51xx_sizeopt\libc.a(lib_a-memset.o)
                                        0x152 (size before relaxing)

.debug_frame    0x0000000000000000       0x60
 .debug_frame   0x0000000000000000       0x20 c:/mwsdk/tools/ba-elf-ba2-r36379/bin/../lib/gcc/ba-elf/4.7.4/../../../../ba-elf/lib/mcpu_jn51xx_sizeopt\libc.a(lib_a-memcmp.o)
 .debug_frame   0x0000000000000020       0x20 c:/mwsdk/tools/ba-elf-ba2-r36379/bin/../lib/gcc/ba-elf/4.7.4/../../../../ba-elf/lib/mcpu_jn51xx_sizeopt\libc.a(lib_a-memcpy.o)
 .debug_frame   0x0000000000000040       0x20 c:/mwsdk/tools/ba-elf-ba2-r36379/bin/../lib/gcc/ba-elf/4.7.4/../../../../ba-elf/lib/mcpu_jn51xx_sizeopt\libc.a(lib_a-memset.o)
