Archive member included because of file (symbol)

c:/MWSDK/Wks_TWELITE/Test07-Just-Receive/../../TWENET/L1200/lib/libTWENET_RED.a(ToCoNet_event.o)
                              objs_RED/Main.o (symbol from plugin) (PRSEV_u8Register)
c:/MWSDK/Wks_TWELITE/Test07-Just-Receive/../../TWENET/L1200/lib/libTWENET_RED.a(ToCoNet_main.o)
                              ToCoNet_event.o (symbol from plugin) (u32TickCount_ms)
c:/MWSDK/Wks_TWELITE/Test07-Just-Receive/../../TWENET/L1200/lib/libTWENET_RED.a(ToCoNet_utils.o)
                              ToCoNet_main.o (symbol from plugin) (ToCoNet_u32GetVersion)
c:/MWSDK/Wks_TWELITE/Test07-Just-Receive/../../TWENET/L1200/lib/libTWENET_RED.a(ToCoNet_mod_Tx.o)
                              objs_RED/Main.o (symbol from plugin) (ToCoNet_vReg_mod_Tx_Standard)
c:/MWSDK/Wks_TWELITE/Test07-Just-Receive/../../TWENET/L1200/lib/libTWENET_RED.a(ToCoNet_mod_TxRxQueue.o)
                              objs_RED/Main.o (symbol from plugin) (ToCoNet_vReg_mod_TxRxQueueMid)
c:/MWSDK/Wks_TWELITE/Test07-Just-Receive/../../TWENET/L1200/lib/libTWENET_RED.a(ToCoNet_mod_Nwk_Common.o)
                              ToCoNet_main.o (symbol from plugin) (ToCoNet_vRxProc_Mod)
c:/MWSDK/Wks_TWELITE/Test07-Just-Receive/../../TWENET/L1200/lib/libTWENET_RED.a(ToCoNet_mod_Channel_Mgr.o)
                              ToCoNet_mod_Tx.o (symbol from plugin) (ToCoNet_ChMgr_bCh_OnTx)
c:/MWSDK/Wks_TWELITE/Test07-Just-Receive/../../TWENET/L1200/lib/libTWENET_RED.a(Version.o)
                              ToCoNet_utils.o (symbol from plugin) (au8ToCoNetVersionInfo)
c:/MWSDK/Wks_TWELITE/Test07-Just-Receive/../../TWENET/L1200/lib/libTWENET_RED.a(AppQueueApi_ToCoNet.o)
                              ToCoNet_main.o (symbol from plugin) (u32AppQApiInitInt_PATCH)
c:/MWSDK/Wks_TWELITE/Test07-Just-Receive/../../TWENET/L1200/lib/libTWENEText_RED.a(AppStart.o)
                              (AppColdStart)
c:/MWSDK/Wks_TWELITE/Test07-Just-Receive/../../TWENET/L1200/lib/libTWENEText_RED.a(getMacAddr.o)
                              ToCoNet_main.o (symbol from plugin) (ToCoNet_u32GetSerialOnBoot)
c:/MWSDK/Wks_TWELITE/Test07-Just-Receive/../../TWENET/L1200/lib/libTWENEText_RED.a(mac.o)
                              ToCoNet_main.o (symbol from plugin) (Mac_vInit)
c:/MWSDK/Wks_TWELITE/Test07-Just-Receive/../../TWENET/L1200/lib/libTWENEText_RED.a(AES_CCM.o)
                              AppStart.o (symbol from plugin) (bAES_CCM_KeyReg)
c:/MWSDK/Wks_TWELITE/Test07-Just-Receive/../../TWENET/L1200/lib/libTWENEText_RED.a(no_ack_handler.o)
                              AppStart.o (symbol from plugin) (vInstallNoAckHandler)
c:/MWSDK/Wks_TWELITE/Test07-Just-Receive/../../TWENET/L1200/lib/libTWENEText_RED.a(Version.o)
                              ToCoNet_utils.o (symbol from plugin) (au8ToCoNetExtVersionInfo)
c:/MWSDK/Wks_TWELITE/Test07-Just-Receive/../../TWENET/L1200/lib/libTWENETutils_RED.a(serial.o)
                              objs_RED/Main.o (symbol from plugin) (SERIAL_vInit)
c:/MWSDK/Wks_TWELITE/Test07-Just-Receive/../../TWENET/L1200/lib/libTWENETutils_RED.a(uart.o)
                              serial.o (symbol from plugin) (UART_vInit)
c:/MWSDK/Wks_TWELITE/Test07-Just-Receive/../../TWENET/L1200/lib/libTWENETutils_RED.a(ByteQueue.o)
                              ToCoNet_main.o (symbol from plugin) (QUEUE__vInit)
c:/MWSDK/Wks_TWELITE/Test07-Just-Receive/../../TWENET/L1200/lib/libTWENETutils_RED.a(ccitt8.o)
                              AppStart.o (symbol from plugin) (u8CCITT8)
c:/MWSDK/Wks_TWELITE/Test07-Just-Receive/../../TWENET/L1200/lib/libTWENETutils_RED.a(fprintf.o)
                              objs_RED/Main.o (symbol from plugin) (vfPrintf)
c:/MWSDK/Wks_TWELITE/Test07-Just-Receive/../../TWENET/L1200/lib/libTWENETutils_RED.a(sprintf.o)
                              objs_RED/Main.o (symbol from plugin) (SPRINTF_vInit128)
c:/MWSDK/Wks_TWELITE/Test07-Just-Receive/../../TWENET/L1200/lib/libTWENETutils_RED.a(utils.o)
                              ToCoNet_main.o (symbol from plugin) (vTimerConfig)
c:/MWSDK/Wks_TWELITE/Test07-Just-Receive/../../TWENET/L1200/lib/libTWENETutils_RED.a(ccm.o)
                              AES_CCM.o (symbol from plugin) (ccm_init_and_key)
c:/MWSDK/Wks_TWELITE/Test07-Just-Receive/../../TWENET/L1200/lib/libTWENETutils_RED.a(Version.o)
                              ToCoNet_utils.o (symbol from plugin) (au8ToCoNetUtilsVersionInfo)
c:/MWSDK/Wks_TWELITE/Test07-Just-Receive/../../TWENET/L1200/lib/libTWENETutils_RED.a(aescrypt.o)
                              ccm.o (symbol from plugin) (aes_encrypt)
c:/MWSDK/Wks_TWELITE/Test07-Just-Receive/../../TWENET/L1200/lib/libTWENETutils_RED.a(aeskey.o)
                              ccm.o (symbol from plugin) (aes_encrypt_key)
c:/MWSDK/Wks_TWELITE/Test07-Just-Receive/../../TWENET/L1200/lib/libTWENETutils_RED.a(aestab.o)
                              aeskey.o (symbol from plugin) (t_im)
c:/MWSDK/ChipLib/SW4063V1416/Components/Library\libAppApi_JN5169.a(AppApi.o)
                              (pvAppApiDefGetMacHandle)
c:/MWSDK/ChipLib/SW4063V1416/Components/Library\libAppApi_JN5169.a(AppApiSleep.o)
                              (vAppApiDefSaveMacSettings)
c:/MWSDK/ChipLib/SW4063V1416/Components/Library\libMAC_JN5169.a(mac_main.o)
                              AppApi.o (symbol from plugin) (MAC_pvCtor)
c:/MWSDK/ChipLib/SW4063V1416/Components/Library\libMAC_JN5169.a(mac_mcps.o)
                              AppApi.o (symbol from plugin) (MAC_vHandleMcpsReqRsp)
c:/MWSDK/ChipLib/SW4063V1416/Components/Library\libMAC_JN5169.a(mac_mlme.o)
                              AppApi.o (symbol from plugin) (MAC_vHandleMlmeReqRsp)
c:/MWSDK/ChipLib/SW4063V1416/Components/Library\libMAC_JN5169.a(mac_pib.o)
                              AppStart.o (symbol from plugin) (MAC_psPibGetHandle)
c:/MWSDK/ChipLib/SW4063V1416/Components/Library\libMAC_JN5169.a(mac_pib_mlme.o)
                              mac_main.o (symbol from plugin) (mac_vPibSetDefaults)
c:/MWSDK/ChipLib/SW4063V1416/Components/Library\libMAC_JN5169.a(mac_pmic.o)
                              mac_main.o (symbol from plugin) (vPMICreset)
c:/MWSDK/ChipLib/SW4063V1416/Components/Library\libMAC_JN5169.a(mac_ind.o)
                              AppApi.o (symbol from plugin) (MAC_vRegisterMlmeDcfmIndCallbacks)
c:/MWSDK/ChipLib/SW4063V1416/Components/Library\libMAC_JN5169.a(mac_scan.o)
                              mac_main.o (symbol from plugin) (mac_eScanInit)
c:/MWSDK/ChipLib/SW4063V1416/Components/Library\libMAC_JN5169.a(mac_lp.o)
                              mac_pmic.o (symbol from plugin) (g_sLP)
c:/MWSDK/ChipLib/SW4063V1416/Components/Library\libMAC_JN5169.a(MCPS.o)
                              mac_mcps.o (symbol from plugin) (vTAM_MCPSdataRequest)
c:/MWSDK/ChipLib/SW4063V1416/Components/Library\libMAC_JN5169.a(phy_pib.o)
                              AppApi.o (symbol from plugin) (phy_ePibGet)
c:/MWSDK/ChipLib/SW4063V1416/Components/Library\libMAC_JN5169.a(TAM.o)
                              MCPS.o (symbol from plugin) (bTAMinPAN)
c:/MWSDK/ChipLib/SW4063V1416/Components/Library\libMAC_JN5169.a(TAMCO.o)
                              TAM.o (symbol from plugin) (vTAMCOsetCoordinator)
c:/MWSDK/ChipLib/SW4063V1416/Components/Library\libMAC_JN5169.a(TAMDE.o)
                              TAM.o (symbol from plugin) (vTAMDEdetermineNullState)
c:/MWSDK/ChipLib/SW4063V1416/Components/Library\libMAC_JN5169.a(TAM_MEM.o)
                              TAM.o (symbol from plugin) (vMEMreset)
c:/MWSDK/ChipLib/SW4063V1416/Components/Library\libMAC_JN5169.a(TAM_MLME.o)
                              mac_scan.o (symbol from plugin) (vMLMEbeaconNotify)
c:/MWSDK/ChipLib/SW4063V1416/Components/Library\libMAC_JN5169.a(TAM_TAH.o)
                              TAMCO.o (symbol from plugin) (vTAHsetCutOff)
c:/MWSDK/ChipLib/SW4063V1416/Components/Library\libMAC_JN5169.a(TAM_TAI.o)
                              TAM.o (symbol from plugin) (vTAIsetCapTime)
c:/MWSDK/ChipLib/SW4063V1416/Components/Library\libMAC_JN5169.a(TAM_TAT.o)
                              TAMDE.o (symbol from plugin) (vTATstartReceiveAt)
c:/MWSDK/ChipLib/SW4063V1416/Components/Library\libMAC_JN5169.a(TAMcommon.o)
                              mac_scan.o (symbol from plugin) (bTACassessBeaconForPayload)
c:/MWSDK/ChipLib/SW4063V1416/Components/Library\libMAC_JN5169.a(TAMevent.o)
                              mac_lp.o (symbol from plugin) (vTAMinsertEvent)
c:/MWSDK/ChipLib/SW4063V1416/Components/Library\libMAC_JN5169.a(TAMqueue.o)
                              TAMcommon.o (symbol from plugin) (vTAQaddToFifo)
c:/MWSDK/ChipLib/SW4063V1416/Components/Library\libMAC_JN5169.a(TAMrxEnable.o)
                              TAMevent.o (symbol from plugin) (vTAMRXEint2Fired)
c:/MWSDK/ChipLib/SW4063V1416/Components/Library\libMAC_JN5169.a(TAMsecurity.o)
                              TAMcommon.o (symbol from plugin) (vTSCgetIncomingInfo)
c:/MWSDK/ChipLib/SW4063V1416/Components/Library\libMAC_JN5169.a(TAMsideways.o)
                              mac_pmic.o (symbol from plugin) (eTAStransmitRequest)
c:/MWSDK/ChipLib/SW4063V1416/Components/Library\libMAC_JN5169.a(TAMtime.o)
                              TAM.o (symbol from plugin) (vTTIBLETimerExpired)
c:/MWSDK/ChipLib/SW4063V1416/Components/Library\libMAC_JN5169.a(TAM_AES.o)
                              TAMsecurity.o (symbol from plugin) (u8TAM_AES_WriteAuxilliarySecurityHeaderIntoBuffer)
c:/MWSDK/ChipLib/SW4063V1416/Components/Library\libMAC_JN5169.a(Endian.o)
                              TAM_AES.o (symbol from plugin) (vFromU16ToLe)
c:/MWSDK/ChipLib/SW4063V1416/Components/Library\libMAC_JN5169.a(mac_acl.o)
                              TAMsecurity.o (symbol from plugin) (MAC_u8AclFindInfo)
c:/MWSDK/ChipLib/SW4063V1416/Components/Library\libMAC_JN5169.a(mac_misc.o)
                              mac_mlme.o (symbol from plugin) (vMAC_MISCpollRequest)
c:/MWSDK/ChipLib/SW4063V1416/Components/Library\libTimerServer_JN516x.a(tsv_main.o)
                              AppApiSleep.o (symbol from plugin) (s_sTimerList)
c:/MWSDK/ChipLib/SW4063V1416/Components/Library\libXcv_JN5169.a(xcv_main.o)
                              AppApi.o (symbol from plugin) (XCV_vCtor)
c:/MWSDK/ChipLib/SW4063V1416/Components/Library\libXcv_JN5169.a(xcv_access.o)
                              mac_main.o (symbol from plugin) (XCV_vDevWriteIER)
c:/MWSDK/ChipLib/SW4063V1416/Components/Library\libXcv_JN5169.a(xcv_isr.o)
                              AppApi.o (symbol from plugin) (vXCV_IntHandlerPhy)
c:/MWSDK/ChipLib/SW4063V1416/Components/Library\libMMAC_JN5169.a(MMAC.o)
                              phy_pib.o (symbol from plugin) (vMMAC_SetChannelAndPower)
c:/MWSDK/ChipLib/SW4063V1416/Components/Library\libMMAC_JN5169.a(MMAC_RadioInit_JN5169.o)
                              xcv_main.o (symbol from plugin) (vMMAC_ConfigureRadio)
c:/MWSDK/ChipLib/SW4063V1416/Components/Library\libJPT_JN5169.a(JPT_RadioTxPowerTests.o)
                              AppApi.o (symbol from plugin) (vJPT_CustomBmodTable)
c:/MWSDK/ChipLib/SW4063V1416/Components/Library\libJPT_JN5169.a(JPT_RadioSettings_JN5169.o)
                              MMAC_RadioInit_JN5169.o (symbol from plugin) (bJPT_InitRadio_JN5169)
c:/MWSDK/ChipLib/SW4063V1416/Components/Library\libAes_JN516x.a(AEScoprocessorCCM.o)
                              AES_CCM.o (symbol from plugin) (bACI_CCMstar)
c:/MWSDK/ChipLib/SW4063V1416/Components/Library\libAes_JN516x.a(AES_CCM_Star.o)
                              TAM_AES.o (symbol from plugin) (vACI_OptimisedCcmStar)
c:/MWSDK/ChipLib/SW4063V1416/Components/Library\libAes_JN516x.a(AEScoprocessorAPI.o)
                              AES_CCM_Star.o (symbol from plugin) (vACI_CmdWaitBusy)
c:/MWSDK/ChipLib/SW4063V1416/Components/Library\libHardwareApi_JN5169.a(AHI_Analogue.o)
                              utils.o (symbol from plugin) (bAHI_APRegulatorEnabled)
c:/MWSDK/ChipLib/SW4063V1416/Components/Library\libHardwareApi_JN5169.a(AHI_Dio.o)
                              objs_RED/Main.o (symbol from plugin) (vAHI_DioSetDirection)
c:/MWSDK/ChipLib/SW4063V1416/Components/Library\libHardwareApi_JN5169.a(AHI_Reset.o)
                              ToCoNet_main.o (symbol from plugin) (vAHI_SwReset)
c:/MWSDK/ChipLib/SW4063V1416/Components/Library\libHardwareApi_JN5169.a(AHI_Spi.o)
                              AppQueueApi_ToCoNet.o (symbol from plugin) (vAHI_SpiRegisterCallback)
c:/MWSDK/ChipLib/SW4063V1416/Components/Library\libHardwareApi_JN5169.a(AHI_System.o)
                              AppApiSleep.o (symbol from plugin) (u8AHI_PowerStatus)
c:/MWSDK/ChipLib/SW4063V1416/Components/Library\libHardwareApi_JN5169.a(AHI_Timer.o)
                              utils.o (symbol from plugin) (vAHI_TimerEnable)
c:/MWSDK/ChipLib/SW4063V1416/Components/Library\libHardwareApi_JN5169.a(AHI_TimerInt.o)
                              AppQueueApi_ToCoNet.o (symbol from plugin) (vAHI_Timer0RegisterCallback)
c:/MWSDK/ChipLib/SW4063V1416/Components/Library\libHardwareApi_JN5169.a(AHI_Uart.o)
                              uart.o (symbol from plugin) (vAHI_UartSetBaudDivisor)
c:/MWSDK/ChipLib/SW4063V1416/Components/Library\libHardwareApi_JN5169.a(AHI_WakeTimer.o)
                              ToCoNet_utils.o (symbol from plugin) (vAHI_WakeTimerEnable)
c:/MWSDK/ChipLib/SW4063V1416/Components/Library\libHardwareApi_JN5169.a(AHI_Flash.o)
                              AHI_System.o (symbol from plugin) (vAHI_FlashAndEEPROMControllerIntHandler)
c:/MWSDK/ChipLib/SW4063V1416/Components/Library\libHardwareApi_JN5169.a(AHI_Infrared.o)
                              AHI_TimerInt.o (symbol from plugin) (vAHI_IntHandlerInfrared)
c:/MWSDK/ChipLib/SW4063V1416/Components/Library\libHardwareApi_JN5169.a(InternalFlashApi.o)
                              AHI_Flash.o (symbol from plugin) (bFlashErase)
c:/MWSDK/ChipLib/SW4063V1416/Components/Library\libHardwareApi_JN5169.a(AHI_FlashIndexSector.o)
                              AppStart.o (symbol from plugin) (bAHI_ReadMACID)
c:/MWSDK/ChipLib/SW4063V1416/Components/Library\libHardwareApi_JN5169.a(AHI_Si.o)
                              AppQueueApi_ToCoNet.o (symbol from plugin) (vAHI_SiRegisterCallback)
c:/MWSDK/ChipLib/SW4063V1416/Components/Library\libHardwareApi_JN5169.a(AHI_TickTimer.o)
                              AppQueueApi_ToCoNet.o (symbol from plugin) (vAHI_TickTimerInit)
c:/MWSDK/ChipLib/SW4063V1416/Components/Library\libHardwareApi_JN5169.a(AHI_Interrupt.o)
                              AppApi.o (symbol from plugin) (vAHI_InterruptSetPriority)
c:/MWSDK/ChipLib/SW4063V1416/Components/Library\libHardwareApi_JN5169.a(AHI_Init.o)
                              AppStart.o (symbol from plugin) (u32AHI_Init)
c:/MWSDK/ChipLib/SW4063V1416/Components/Library\libHardwareApi_JN5169.a(AHI_SpiSlave.o)
                              AHI_Init.o (symbol from plugin) (vAHI_IntHandlerSpiSlave)
c:/MWSDK/ChipLib/SW4063V1416/Components/Library\libMicroSpecific_JN516x.a(MicroInt_ba.o)
                              serial.o (symbol from plugin) (vMicroIntEnableOnly)
c:/MWSDK/ChipLib/SW4063V1416/Components/Library\libMicroSpecific_JN516x.a(MicroSyscall_ba.o)
                              AHI_Reset.o (symbol from plugin) (vMicroSyscall)
c:/MWSDK/ChipLib/SW4063V1416/Components/Library\libBoot_JN516x.a(Heap.o)
                              (u32HeapStart)
c:/MWSDK/ChipLib/SW4063V1416/Components/Library\libBoot_JN516x.a(ExceptionHandler.o)
                              (_exception_external_interrupt)
c:/MWSDK/ChipLib/SW4063V1416/Components/Library\libAppApi_JN5169.a(AppHousekeeping.o)
                              mac_scan.o (symbol from plugin) (sAppHousekeeping)
c:/MWSDK/ChipLib/SW4063V1416/Components/Library\libAes_JN516x.a(AEScoprocessorAPIinterrupts.o)
                              AHI_Init.o (symbol from plugin) (vACI_IntHandlerAes)
c:/mwsdk/tools/ba-elf-ba2-r36379/bin/../lib/gcc/ba-elf/4.7.4/../../../../ba-elf/lib/mcpu_jn51xx_sizeopt\libc.a(lib_a-memcmp.o)
                              C:\Users\Maeoka\AppData\Local\Temp\ccxsQD6x.ltrans0.ltrans.o (memcmp)
c:/mwsdk/tools/ba-elf-ba2-r36379/bin/../lib/gcc/ba-elf/4.7.4/../../../../ba-elf/lib/mcpu_jn51xx_sizeopt\libc.a(lib_a-memcpy.o)
                              C:\Users\Maeoka\AppData\Local\Temp\ccxsQD6x.ltrans0.ltrans.o (memcpy)
c:/mwsdk/tools/ba-elf-ba2-r36379/bin/../lib/gcc/ba-elf/4.7.4/../../../../ba-elf/lib/mcpu_jn51xx_sizeopt\libc.a(lib_a-memset.o)
                              C:\Users\Maeoka\AppData\Local\Temp\ccxsQD6x.ltrans0.ltrans.o (memset)
c:/mwsdk/tools/ba-elf-ba2-r36379/bin/../lib/gcc/ba-elf/4.7.4/mcpu_jn51xx_sizeopt\libgcc.a(__udivsi3.o)
                              C:\Users\Maeoka\AppData\Local\Temp\ccxsQD6x.ltrans2.ltrans.o (__udivsi3)
c:/mwsdk/tools/ba-elf-ba2-r36379/bin/../lib/gcc/ba-elf/4.7.4/mcpu_jn51xx_sizeopt\libgcc.a(__divsi3.o)
                              C:\Users\Maeoka\AppData\Local\Temp\ccxsQD6x.ltrans4.ltrans.o (__divsi3)
c:/mwsdk/tools/ba-elf-ba2-r36379/bin/../lib/gcc/ba-elf/4.7.4/mcpu_jn51xx_sizeopt\libgcc.a(__umodsi3.o)
                              C:\Users\Maeoka\AppData\Local\Temp\ccxsQD6x.ltrans2.ltrans.o (__umodsi3)

Allocating common symbols
Common symbol       size              file

apvHwIndBufferData  0x2c              AppQueueApi_ToCoNet.o (symbol from plugin)
prMAC_TofMlmeReqHandler
                    0x4               mac_mlme.o (symbol from plugin)
apvMlmeIndBufferData
                    0x14              AppQueueApi_ToCoNet.o (symbol from plugin)
_TWENET_TX_POWER_VALUE
                    0x1               AppStart.o (symbol from plugin)
g_tSpiConfiguration
                    0x4               AHI_Flash.o (symbol from plugin)
SPRINTF_Stream      0x4               sprintf.o (symbol from plugin)
u8TAM_TxStatusOverride
                    0x1               TAMevent.o (symbol from plugin)
prMAC_TofRxHandler  0x4               TAMcommon.o (symbol from plugin)
_MAC_u8TxFailReason
                    0x1               mac.o (symbol from plugin)
apvMcpsIndBufferData
                    0x14              AppQueueApi_ToCoNet.o (symbol from plugin)
bAHI_ExtendedTemperatureOperation
                    0x1               AHI_System.o (symbol from plugin)
bMAC_DiscardUnsuccessfulAssocResponses
                    0x1               mac_pmic.o (symbol from plugin)
u8Msq               0x1               TAM_TAT.o (symbol from plugin)
g_bLegacyHwBugEmulation
                    0x1               AES_CCM_Star.o (symbol from plugin)

Discarded input sections

 .text          0x0000000000000000        0x0 objs_RED/Main.o (symbol from plugin)
 .data          0x0000000000000000        0x0 C:\Users\Maeoka\AppData\Local\Temp\ccxsQD6x.ltrans0.ltrans.o
 .data          0x0000000000000000        0x0 C:\Users\Maeoka\AppData\Local\Temp\ccxsQD6x.ltrans1.ltrans.o
 .data          0x0000000000000000        0x0 C:\Users\Maeoka\AppData\Local\Temp\ccxsQD6x.ltrans2.ltrans.o
 .data          0x0000000000000000        0x0 C:\Users\Maeoka\AppData\Local\Temp\ccxsQD6x.ltrans3.ltrans.o
 .data          0x0000000000000000        0x0 C:\Users\Maeoka\AppData\Local\Temp\ccxsQD6x.ltrans4.ltrans.o
 .data          0x0000000000000000        0x0 C:\Users\Maeoka\AppData\Local\Temp\ccxsQD6x.ltrans5.ltrans.o
 .data          0x0000000000000000        0x0 C:\Users\Maeoka\AppData\Local\Temp\ccxsQD6x.ltrans7.ltrans.o
 .data          0x0000000000000000        0x0 C:\Users\Maeoka\AppData\Local\Temp\ccxsQD6x.ltrans10.ltrans.o
 .bss           0x0000000000000000        0x0 C:\Users\Maeoka\AppData\Local\Temp\ccxsQD6x.ltrans10.ltrans.o
 .data          0x0000000000000000        0x0 C:\Users\Maeoka\AppData\Local\Temp\ccxsQD6x.ltrans11.ltrans.o
 .data          0x0000000000000000        0x0 C:\Users\Maeoka\AppData\Local\Temp\ccxsQD6x.ltrans13.ltrans.o
 .data          0x0000000000000000        0x0 C:\Users\Maeoka\AppData\Local\Temp\ccxsQD6x.ltrans14.ltrans.o
 .data          0x0000000000000000        0x0 c:/mwsdk/tools/ba-elf-ba2-r36379/bin/../lib/gcc/ba-elf/4.7.4/../../../../ba-elf/lib/mcpu_jn51xx_sizeopt\libc.a(lib_a-memcmp.o)
 .bss           0x0000000000000000        0x0 c:/mwsdk/tools/ba-elf-ba2-r36379/bin/../lib/gcc/ba-elf/4.7.4/../../../../ba-elf/lib/mcpu_jn51xx_sizeopt\libc.a(lib_a-memcmp.o)
 .data          0x0000000000000000        0x0 c:/mwsdk/tools/ba-elf-ba2-r36379/bin/../lib/gcc/ba-elf/4.7.4/../../../../ba-elf/lib/mcpu_jn51xx_sizeopt\libc.a(lib_a-memcpy.o)
 .bss           0x0000000000000000        0x0 c:/mwsdk/tools/ba-elf-ba2-r36379/bin/../lib/gcc/ba-elf/4.7.4/../../../../ba-elf/lib/mcpu_jn51xx_sizeopt\libc.a(lib_a-memcpy.o)
 .data          0x0000000000000000        0x0 c:/mwsdk/tools/ba-elf-ba2-r36379/bin/../lib/gcc/ba-elf/4.7.4/../../../../ba-elf/lib/mcpu_jn51xx_sizeopt\libc.a(lib_a-memset.o)
 .bss           0x0000000000000000        0x0 c:/mwsdk/tools/ba-elf-ba2-r36379/bin/../lib/gcc/ba-elf/4.7.4/../../../../ba-elf/lib/mcpu_jn51xx_sizeopt\libc.a(lib_a-memset.o)
 .data          0x0000000000000000        0x0 c:/mwsdk/tools/ba-elf-ba2-r36379/bin/../lib/gcc/ba-elf/4.7.4/mcpu_jn51xx_sizeopt\libgcc.a(__udivsi3.o)
 .bss           0x0000000000000000        0x0 c:/mwsdk/tools/ba-elf-ba2-r36379/bin/../lib/gcc/ba-elf/4.7.4/mcpu_jn51xx_sizeopt\libgcc.a(__udivsi3.o)
 .data          0x0000000000000000        0x0 c:/mwsdk/tools/ba-elf-ba2-r36379/bin/../lib/gcc/ba-elf/4.7.4/mcpu_jn51xx_sizeopt\libgcc.a(__divsi3.o)
 .bss           0x0000000000000000        0x0 c:/mwsdk/tools/ba-elf-ba2-r36379/bin/../lib/gcc/ba-elf/4.7.4/mcpu_jn51xx_sizeopt\libgcc.a(__divsi3.o)
 .data          0x0000000000000000        0x0 c:/mwsdk/tools/ba-elf-ba2-r36379/bin/../lib/gcc/ba-elf/4.7.4/mcpu_jn51xx_sizeopt\libgcc.a(__umodsi3.o)
 .bss           0x0000000000000000        0x0 c:/mwsdk/tools/ba-elf-ba2-r36379/bin/../lib/gcc/ba-elf/4.7.4/mcpu_jn51xx_sizeopt\libgcc.a(__umodsi3.o)
 .text          0x0000000000000000        0x0 ToCoNet_event.o (symbol from plugin)
 .text          0x0000000000000000        0x0 ToCoNet_main.o (symbol from plugin)
 .text          0x0000000000000000        0x0 ToCoNet_utils.o (symbol from plugin)
 .text          0x0000000000000000        0x0 ToCoNet_mod_Tx.o (symbol from plugin)
 .text          0x0000000000000000        0x0 ToCoNet_mod_TxRxQueue.o (symbol from plugin)
 .text          0x0000000000000000        0x0 ToCoNet_mod_Nwk_Common.o (symbol from plugin)
 .text          0x0000000000000000        0x0 ToCoNet_mod_Channel_Mgr.o (symbol from plugin)
 .text          0x0000000000000000        0x0 Version.o (symbol from plugin)
 .text          0x0000000000000000        0x0 AppQueueApi_ToCoNet.o (symbol from plugin)
 .text          0x0000000000000000        0x0 AppStart.o (symbol from plugin)
 .text          0x0000000000000000        0x0 getMacAddr.o (symbol from plugin)
 .text          0x0000000000000000        0x0 mac.o (symbol from plugin)
 .text          0x0000000000000000        0x0 AES_CCM.o (symbol from plugin)
 .text          0x0000000000000000        0x0 no_ack_handler.o (symbol from plugin)
 .text          0x0000000000000000        0x0 Version.o (symbol from plugin)
 .text          0x0000000000000000        0x0 serial.o (symbol from plugin)
 .text          0x0000000000000000        0x0 uart.o (symbol from plugin)
 .text          0x0000000000000000        0x0 ByteQueue.o (symbol from plugin)
 .text          0x0000000000000000        0x0 ccitt8.o (symbol from plugin)
 .text          0x0000000000000000        0x0 fprintf.o (symbol from plugin)
 .text          0x0000000000000000        0x0 sprintf.o (symbol from plugin)
 .text          0x0000000000000000        0x0 utils.o (symbol from plugin)
 .text          0x0000000000000000        0x0 ccm.o (symbol from plugin)
 .text          0x0000000000000000        0x0 Version.o (symbol from plugin)
 .text          0x0000000000000000        0x0 aescrypt.o (symbol from plugin)
 .text          0x0000000000000000        0x0 aeskey.o (symbol from plugin)
 .text          0x0000000000000000        0x0 aestab.o (symbol from plugin)
 .text          0x0000000000000000        0x0 AppApi.o (symbol from plugin)
 .text          0x0000000000000000        0x0 AppApiSleep.o (symbol from plugin)
 .text          0x0000000000000000        0x0 mac_main.o (symbol from plugin)
 .text          0x0000000000000000        0x0 mac_mcps.o (symbol from plugin)
 .text          0x0000000000000000        0x0 mac_mlme.o (symbol from plugin)
 .text          0x0000000000000000        0x0 mac_pib.o (symbol from plugin)
 .text          0x0000000000000000        0x0 mac_pib_mlme.o (symbol from plugin)
 .text          0x0000000000000000        0x0 mac_pmic.o (symbol from plugin)
 .text          0x0000000000000000        0x0 mac_ind.o (symbol from plugin)
 .text          0x0000000000000000        0x0 mac_scan.o (symbol from plugin)
 .text          0x0000000000000000        0x0 mac_lp.o (symbol from plugin)
 .text          0x0000000000000000        0x0 MCPS.o (symbol from plugin)
 .text          0x0000000000000000        0x0 phy_pib.o (symbol from plugin)
 .text          0x0000000000000000        0x0 TAM.o (symbol from plugin)
 .text          0x0000000000000000        0x0 TAMCO.o (symbol from plugin)
 .text          0x0000000000000000        0x0 TAMDE.o (symbol from plugin)
 .text          0x0000000000000000        0x0 TAM_MEM.o (symbol from plugin)
 .text          0x0000000000000000        0x0 TAM_MLME.o (symbol from plugin)
 .text          0x0000000000000000        0x0 TAM_TAH.o (symbol from plugin)
 .text          0x0000000000000000        0x0 TAM_TAI.o (symbol from plugin)
 .text          0x0000000000000000        0x0 TAM_TAT.o (symbol from plugin)
 .text          0x0000000000000000        0x0 TAMcommon.o (symbol from plugin)
 .text          0x0000000000000000        0x0 TAMevent.o (symbol from plugin)
 .text          0x0000000000000000        0x0 TAMqueue.o (symbol from plugin)
 .text          0x0000000000000000        0x0 TAMrxEnable.o (symbol from plugin)
 .text          0x0000000000000000        0x0 TAMsecurity.o (symbol from plugin)
 .text          0x0000000000000000        0x0 TAMsideways.o (symbol from plugin)
 .text          0x0000000000000000        0x0 TAMtime.o (symbol from plugin)
 .text          0x0000000000000000        0x0 TAM_AES.o (symbol from plugin)
 .text          0x0000000000000000        0x0 Endian.o (symbol from plugin)
 .text          0x0000000000000000        0x0 mac_acl.o (symbol from plugin)
 .text          0x0000000000000000        0x0 mac_misc.o (symbol from plugin)
 .text          0x0000000000000000        0x0 tsv_main.o (symbol from plugin)
 .text          0x0000000000000000        0x0 xcv_main.o (symbol from plugin)
 .text          0x0000000000000000        0x0 xcv_access.o (symbol from plugin)
 .text          0x0000000000000000        0x0 xcv_isr.o (symbol from plugin)
 .text          0x0000000000000000        0x0 MMAC.o (symbol from plugin)
 .text          0x0000000000000000        0x0 MMAC_RadioInit_JN5169.o (symbol from plugin)
 .text          0x0000000000000000        0x0 JPT_RadioTxPowerTests.o (symbol from plugin)
 .text          0x0000000000000000        0x0 JPT_RadioSettings_JN5169.o (symbol from plugin)
 .text          0x0000000000000000        0x0 AEScoprocessorCCM.o (symbol from plugin)
 .text          0x0000000000000000        0x0 AES_CCM_Star.o (symbol from plugin)
 .text          0x0000000000000000        0x0 AEScoprocessorAPI.o (symbol from plugin)
 .text          0x0000000000000000        0x0 AHI_Analogue.o (symbol from plugin)
 .text          0x0000000000000000        0x0 AHI_Dio.o (symbol from plugin)
 .text          0x0000000000000000        0x0 AHI_Reset.o (symbol from plugin)
 .text          0x0000000000000000        0x0 AHI_Spi.o (symbol from plugin)
 .text          0x0000000000000000        0x0 AHI_System.o (symbol from plugin)
 .text          0x0000000000000000        0x0 AHI_Timer.o (symbol from plugin)
 .text          0x0000000000000000        0x0 AHI_TimerInt.o (symbol from plugin)
 .text          0x0000000000000000        0x0 AHI_Uart.o (symbol from plugin)
 .text          0x0000000000000000        0x0 AHI_WakeTimer.o (symbol from plugin)
 .text          0x0000000000000000        0x0 AHI_Flash.o (symbol from plugin)
 .text          0x0000000000000000        0x0 AHI_Infrared.o (symbol from plugin)
 .text          0x0000000000000000        0x0 InternalFlashApi.o (symbol from plugin)
 .text          0x0000000000000000        0x0 AHI_FlashIndexSector.o (symbol from plugin)
 .text          0x0000000000000000        0x0 AHI_Si.o (symbol from plugin)
 .text          0x0000000000000000        0x0 AHI_TickTimer.o (symbol from plugin)
 .data          0x0000000000000000        0x0 c:/MWSDK/ChipLib/SW4063V1416/Components/Library\libHardwareApi_JN5169.a(AHI_Interrupt.o)
 .bss           0x0000000000000000        0x0 c:/MWSDK/ChipLib/SW4063V1416/Components/Library\libHardwareApi_JN5169.a(AHI_Interrupt.o)
 .text          0x0000000000000000        0x0 AHI_Init.o (symbol from plugin)
 .text          0x0000000000000000        0x0 AHI_SpiSlave.o (symbol from plugin)
 .text          0x0000000000000000        0x0 MicroInt_ba.o (symbol from plugin)
 .text          0x0000000000000000        0x0 c:/MWSDK/ChipLib/SW4063V1416/Components/Library\libMicroSpecific_JN516x.a(MicroSyscall_ba.o)
 .data          0x0000000000000000        0x0 c:/MWSDK/ChipLib/SW4063V1416/Components/Library\libMicroSpecific_JN516x.a(MicroSyscall_ba.o)
 .bss           0x0000000000000000        0x0 c:/MWSDK/ChipLib/SW4063V1416/Components/Library\libMicroSpecific_JN516x.a(MicroSyscall_ba.o)
 .text          0x0000000000000000        0x0 Heap.o (symbol from plugin)
 .text          0x0000000000000000        0x0 c:/MWSDK/ChipLib/SW4063V1416/Components/Library\libBoot_JN516x.a(ExceptionHandler.o)
 .data          0x0000000000000000        0x0 c:/MWSDK/ChipLib/SW4063V1416/Components/Library\libBoot_JN516x.a(ExceptionHandler.o)
 .bss           0x0000000000000000        0x0 c:/MWSDK/ChipLib/SW4063V1416/Components/Library\libBoot_JN516x.a(ExceptionHandler.o)
 .text          0x0000000000000000        0x0 AppHousekeeping.o (symbol from plugin)
 .text          0x0000000000000000        0x0 AEScoprocessorAPIinterrupts.o (symbol from plugin)

Memory Configuration

Name             Origin             Length             Attributes
flash            0x0000000000080000 0x0000000000080000
ram              0x000000000400004c 0x0000000000007fb4
*default*        0x0000000000000000 0xffffffffffffffff

Linker script and memory map

LOAD objs_RED/Main.o
LOAD C:\Users\Maeoka\AppData\Local\Temp\ccxsQD6x.ltrans0.ltrans.o
LOAD C:\Users\Maeoka\AppData\Local\Temp\ccxsQD6x.ltrans1.ltrans.o
LOAD C:\Users\Maeoka\AppData\Local\Temp\ccxsQD6x.ltrans2.ltrans.o
LOAD C:\Users\Maeoka\AppData\Local\Temp\ccxsQD6x.ltrans3.ltrans.o
LOAD C:\Users\Maeoka\AppData\Local\Temp\ccxsQD6x.ltrans4.ltrans.o
LOAD C:\Users\Maeoka\AppData\Local\Temp\ccxsQD6x.ltrans5.ltrans.o
LOAD C:\Users\Maeoka\AppData\Local\Temp\ccxsQD6x.ltrans6.ltrans.o
LOAD C:\Users\Maeoka\AppData\Local\Temp\ccxsQD6x.ltrans7.ltrans.o
LOAD C:\Users\Maeoka\AppData\Local\Temp\ccxsQD6x.ltrans8.ltrans.o
LOAD C:\Users\Maeoka\AppData\Local\Temp\ccxsQD6x.ltrans9.ltrans.o
LOAD C:\Users\Maeoka\AppData\Local\Temp\ccxsQD6x.ltrans10.ltrans.o
LOAD C:\Users\Maeoka\AppData\Local\Temp\ccxsQD6x.ltrans11.ltrans.o
LOAD C:\Users\Maeoka\AppData\Local\Temp\ccxsQD6x.ltrans12.ltrans.o
LOAD C:\Users\Maeoka\AppData\Local\Temp\ccxsQD6x.ltrans13.ltrans.o
LOAD C:\Users\Maeoka\AppData\Local\Temp\ccxsQD6x.ltrans14.ltrans.o
LOAD c:/mwsdk/tools/ba-elf-ba2-r36379/bin/../lib/gcc/ba-elf/4.7.4/../../../../ba-elf/lib/mcpu_jn51xx_sizeopt\libc.a
LOAD c:/mwsdk/tools/ba-elf-ba2-r36379/bin/../lib/gcc/ba-elf/4.7.4/mcpu_jn51xx_sizeopt\libgcc.a
LOAD c:/mwsdk/tools/ba-elf-ba2-r36379/bin/../lib/gcc/ba-elf/4.7.4/../../../../ba-elf/lib/mcpu_jn51xx_sizeopt\libc.a
LOAD c:/MWSDK/Wks_TWELITE/Test07-Just-Receive/../../TWENET/L1200/lib/libTWENET_RED.a
LOAD c:/MWSDK/Wks_TWELITE/Test07-Just-Receive/../../TWENET/L1200/lib/libTWENEText_RED.a
LOAD c:/MWSDK/Wks_TWELITE/Test07-Just-Receive/../../TWENET/L1200/lib/libTWENETutils_RED.a
START GROUP
LOAD c:/MWSDK/ChipLib/SW4063V1416/Components/Library\libAppApi_JN5169.a
LOAD c:/MWSDK/ChipLib/SW4063V1416/Components/Library\libMAC_JN5169.a
LOAD c:/MWSDK/ChipLib/SW4063V1416/Components/Library\libTimerServer_JN516x.a
LOAD c:/MWSDK/ChipLib/SW4063V1416/Components/Library\libTOF_JN516x.a
LOAD c:/MWSDK/ChipLib/SW4063V1416/Components/Library\libXcv_JN5169.a
LOAD c:/MWSDK/ChipLib/SW4063V1416/Components/Library\libMMAC_JN5169.a
LOAD c:/MWSDK/ChipLib/SW4063V1416/Components/Library\libJPT_JN5169.a
LOAD c:/MWSDK/ChipLib/SW4063V1416/Components/Library\libAes_JN516x.a
LOAD c:/MWSDK/ChipLib/SW4063V1416/Components/Library\libHardwareApi_JN5169.a
LOAD c:/MWSDK/ChipLib/SW4063V1416/Components/Library\libMicroSpecific_JN516x.a
LOAD c:/MWSDK/ChipLib/SW4063V1416/Components/Library\libBoot_JN516x.a
LOAD c:/MWSDK/ChipLib/SW4063V1416/Components/Library\libPDM_EEPROM_JN516x_NO_RTOS.a
LOAD c:/MWSDK/Wks_TWELITE/Test07-Just-Receive/../../TWENET/L1200/lib/libTWENET_RED.a
LOAD c:/MWSDK/Wks_TWELITE/Test07-Just-Receive/../../TWENET/L1200/lib/libTWENEText_RED.a
LOAD c:/MWSDK/Wks_TWELITE/Test07-Just-Receive/../../TWENET/L1200/lib/libTWENETutils_RED.a
END GROUP
LOAD c:/mwsdk/tools/ba-elf-ba2-r36379/bin/../lib/gcc/ba-elf/4.7.4/../../../../ba-elf/lib/mcpu_jn51xx_sizeopt\libc.a
LOAD c:/mwsdk/tools/ba-elf-ba2-r36379/bin/../lib/gcc/ba-elf/4.7.4/mcpu_jn51xx_sizeopt\libgcc.a
LOAD c:/mwsdk/tools/ba-elf-ba2-r36379/bin/../lib/gcc/ba-elf/4.7.4/../../../../ba-elf/lib/mcpu_jn51xx_sizeopt\libc.a
                0x0000000000000800                _stack_size = 0x800
                0x0000000000080038                exception_vsr_table = 0x80038
                0x0000000004000000                pSPIflashFncTable = 0x4000000
                0x0000000000000044                restore_state = 0x44
                0x000000000000004a                bZSPIWaitWIPClear = 0x4a
                0x0000000000000050                u16ZSPIflashRDID = 0x50
                0x0000000000000056                u8SelectFlashChipType = 0x56
                0x000000000000005c                memcpy = 0x5c
                0x0000000000000066                vBootFlashProg = 0x66
                [0x0000000000000d16]                __minimum_heap_size = DEFINED (__minimum_heap_size)?__minimum_heap_size:0xd16
                [0x0000000000000800]                __stack_size = DEFINED (__stack_size)?__stack_size:0x800
                0x0000000000000000                _SwConfig = (DEFINED (g_bSWConf_Debug) | (DEFINED (g_bSWConf_AltDebugPort) << 0x1))

.version        0x000000000007fffc        0x4
                0x000000000007fffc        0x4 LONG 0xf03000b

.bir            0x0000000000080000       0x10
                0x0000000000080000                _flash_start = ABSOLUTE (.)
                0x0000000000080000                _flash_beg = ABSOLUTE (.)
                0x0000000000080000        0x4 LONG 0x12345678
                0x0000000000080004        0x4 LONG 0x11223344
                0x0000000000080008        0x4 LONG 0x55667788
                0x000000000008000c        0x1 BYTE 0x8
                0x000000000008000d        0x1 BYTE 0x1
                0x000000000008000e        0x2 SHORT 0x0

.flashheader    0x0000000000080010       0x28
                0x0000000000080010        0x4 LONG 0x0
                0x0000000000080014        0x4 LONG 0x0
                0x0000000000080018        0x4 LONG 0x0
                0x000000000008001c        0x2 SHORT 0x0
                0x000000000008001e        0x2 SHORT 0x0 ABSOLUTE (_SwConfig)
                0x0000000000080020                _enc_start = ABSOLUTE (.)
                0x0000000000080020        0x4 LONG 0xa214 ABSOLUTE (_image_len)
                0x0000000000080024        0x4 LONG 0x8a208 ABSOLUTE (_flash_data_start)
                0x0000000000080028        0x2 SHORT 0x13 ((ABSOLUTE (_ram_data_start) / 0x4) & 0xffff)
                0x000000000008002a        0x2 SHORT 0x3 ((ABSOLUTE (_ram_data_len) / 0x4) & 0xffff)
                0x000000000008002c        0x2 SHORT 0x16 ((ABSOLUTE (_bss_start) / 0x4) & 0xffff)
                0x000000000008002e        0x2 SHORT 0x66b ((ABSOLUTE (_bss_len) / 0x4) & 0xffff)
                0x0000000000080030        0x4 LONG 0x85aa4 ABSOLUTE (AppWarmStart)
                0x0000000000080034        0x4 LONG 0x89840 ABSOLUTE (AppColdStart)
                0x0000000000000000                _enc_offset = (_enc_start & 0xf)
                0x0000000000000044                PROVIDE (vException_BusError, restore_state)
                0x0000000000000044                PROVIDE (vException_UnalignedAccess, restore_state)
                0x0000000000000044                PROVIDE (vException_IllegalInstruction, restore_state)
                0x0000000000000044                PROVIDE (vException_SysCall, restore_state)
                0x0000000000000044                PROVIDE (vException_Trap, restore_state)
                0x0000000000000044                PROVIDE (vException_StackOverflow, restore_state)
                0x0000000000080038                . = ABSOLUTE (exception_vsr_table)

.vsr_table      0x0000000000080038       0x18
                0x0000000000080038        0x4 LONG 0x44 ABSOLUTE (vException_BusError)
                0x000000000008003c        0x4 LONG 0x44 ABSOLUTE (vException_UnalignedAccess)
                0x0000000000080040        0x4 LONG 0x44 ABSOLUTE (vException_IllegalInstruction)
                0x0000000000080044        0x4 LONG 0x44 ABSOLUTE (vException_SysCall)
                0x0000000000080048        0x4 LONG 0x44 ABSOLUTE (vException_Trap)
                0x000000000008004c        0x4 LONG 0x44 ABSOLUTE (vException_StackOverflow)

.vsr_handlers   0x0000000000080050       0xaa
 *(.vsr_handlers)
 .vsr_handlers  0x0000000000080050       0xaa c:/MWSDK/ChipLib/SW4063V1416/Components/Library\libBoot_JN516x.a(ExceptionHandler.o)
                0x0000000000080050                _exception_external_interrupt
                0x00000000000800f8                _default_vsr_dummy

.rodata         0x00000000000800fc      0x4b4
 *(.rodata*)
 .rodata        0x00000000000800fc      0x1cb C:\Users\Maeoka\AppData\Local\Temp\ccxsQD6x.ltrans0.ltrans.o
 *fill*         0x00000000000802c7        0x1 00
 .rodata        0x00000000000802c8       0xd4 C:\Users\Maeoka\AppData\Local\Temp\ccxsQD6x.ltrans1.ltrans.o
                0x00000000000802c8                s_aprScanHandleEvt.10437
                0x00000000000802f8                apvActionCalls
                0x0000000000080380                aprLPBMacVectorRamTable
                0x0000000000080394                psTamMacContext
                0x0000000000080398                psTAMcontext
 .rodata.str1.1
                0x000000000008039c       0x23 C:\Users\Maeoka\AppData\Local\Temp\ccxsQD6x.ltrans2.ltrans.o
 .rodata        0x00000000000803bf       0x6b C:\Users\Maeoka\AppData\Local\Temp\ccxsQD6x.ltrans2.ltrans.o
 .rodata        0x000000000008042a        0x4 C:\Users\Maeoka\AppData\Local\Temp\ccxsQD6x.ltrans3.ltrans.o
 *fill*         0x000000000008042e        0x2 00
 .rodata        0x0000000000080430       0x34 C:\Users\Maeoka\AppData\Local\Temp\ccxsQD6x.ltrans4.ltrans.o
                0x0000000000080438                psTamXcvContext
                0x000000000008043c                CSWTCH.35.20917.20917
                0x0000000000080450                au32TimerBaseAddress
 .rodata        0x0000000000080464       0x17 C:\Users\Maeoka\AppData\Local\Temp\ccxsQD6x.ltrans5.ltrans.o
 *fill*         0x000000000008047b        0x1 00
 .rodata        0x000000000008047c       0x14 C:\Users\Maeoka\AppData\Local\Temp\ccxsQD6x.ltrans6.ltrans.o
 .rodata        0x0000000000080490        0x6 C:\Users\Maeoka\AppData\Local\Temp\ccxsQD6x.ltrans7.ltrans.o
                0x0000000000080490                aeXcvPhyEvtToScanEvt.5424.10440
 .rodata.str1.1
                0x0000000000080496       0x22 C:\Users\Maeoka\AppData\Local\Temp\ccxsQD6x.ltrans8.ltrans.o
 .rodata        0x00000000000804b8       0x38 C:\Users\Maeoka\AppData\Local\Temp\ccxsQD6x.ltrans8.ltrans.o
                0x00000000000804b8                asStateFuncTbl.2372
 .rodata        0x00000000000804f0       0x18 C:\Users\Maeoka\AppData\Local\Temp\ccxsQD6x.ltrans9.ltrans.o
 .rodata        0x0000000000080508        0xa C:\Users\Maeoka\AppData\Local\Temp\ccxsQD6x.ltrans10.ltrans.o
 *fill*         0x0000000000080512        0x2 00
 .rodata        0x0000000000080514        0x8 C:\Users\Maeoka\AppData\Local\Temp\ccxsQD6x.ltrans11.ltrans.o
                0x0000000000080514                au32UartAddrOffset
 .rodata.str1.1
                0x000000000008051c        0x5 C:\Users\Maeoka\AppData\Local\Temp\ccxsQD6x.ltrans12.ltrans.o
                                         0x16 (size before relaxing)
 .rodata.str1.1
                0x0000000000080521       0x11 C:\Users\Maeoka\AppData\Local\Temp\ccxsQD6x.ltrans14.ltrans.o
 *fill*         0x0000000000080532        0x2 00
 .rodata        0x0000000000080534       0x7c C:\Users\Maeoka\AppData\Local\Temp\ccxsQD6x.ltrans14.ltrans.o
                0x0000000000080568                u32MacLow_TOCOS
                0x000000000008056c                u32MacHigh_TOCOS

.text           0x00000000000805b0     0x9c56
 *(.text*)
 .text          0x00000000000805b0     0x152c C:\Users\Maeoka\AppData\Local\Temp\ccxsQD6x.ltrans0.ltrans.o
                0x00000000000805b0                vAHI_IntHandlerAnalogPeriph
                0x00000000000805d0                vTTIBLETimerExpired
                0x00000000000805db                mac_vLPBAdjustBeaconOffset
                0x0000000000080638                mac_u32LPBGetBeaconTimeout
                0x0000000000080641                eWEnDTmrExpiry.10078
                0x000000000008064c                eWEnDEdDone.10075
                0x00000000000806a7                eGenlDontCare.10072
                0x00000000000806ac                eGenlIllegal.9697
                0x00000000000806b3                u32GetTimer0
                0x00000000000806ba                vSetTimer0
                0x00000000000806c9                SPRINTF_bPutChar.4577
                0x0000000000080705                vHandlerPatch.4290
                0x000000000008073c                u8HwEventHandler.1683
                0x000000000008075b                vACI_CmdWaitBusy
                0x00000000000807bf                vACI_OptimisedCcmStar
                0x00000000000809d7                vTAIdisableInterrupt
                0x00000000000809f0                psRemove.part.0.19637
                0x0000000000080a1f                MAC_u8AclFindInfo
                0x0000000000080b49                vTASretrieveSecurity
                0x0000000000080b6b                MAC_bLookUpKeyDescriptor.17189
                0x0000000000080be5                u8TSCframeIncrease
                0x0000000000080c1e                vCopyToDataFromMacAddr.17099
                0x0000000000080c51                bTSCgetOutgoingInfo
                0x0000000000080d5a                psTAQsearchFifo
                0x0000000000080da3                bTAQremoveFromFifo
                0x0000000000080de0                vTAMinsertEvent
                0x0000000000080e46                vTTITimer2Expired
                0x0000000000080e4a                vTTITimer1Expired
                0x0000000000080e4e                vTAM_TxRetryTimeout
                0x0000000000080e52                vTACsetTxFrameDefaults
                0x0000000000080e78                u8TACgetHeaderSize
                0x0000000000080eb5                bUpdateTime.15417
                0x0000000000080ef0                u32TACpayloadToU32M
                0x0000000000080f11                vTACu32ToPayloadM
                0x0000000000080f29                vTACbuildBeacon
                0x0000000000081131                bTACframeInProgress
                0x000000000008115b                bTACassessBeaconForPayload
                0x00000000000811ac                bIsBbcSafeForTx
                0x00000000000811e1                vTATwriteAclMaterialToHardware
                0x0000000000081206                vTATsetBLE
                0x000000000008123d                vTATgetFramePayload
                0x000000000008125a                eTATreadTXstatus
                0x00000000000812a0                vTAHsetPhyStateDirect.part.0.14558
                0x00000000000812bc                vDoGoOff.16379
                0x00000000000812d6                vMEMreturn
                0x0000000000081347                vTACinformOriginator
                0x0000000000081369                vTTITransactionTimerExpired
                0x0000000000081391                pvMEMget
                0x00000000000813bd                vTAMDEdetermineNullState
                0x00000000000813d7                vTAMCOupdatePendingList
                0x00000000000814a9                vTAMCOsetCoordinator
                0x00000000000814cf                eScanHandleEvt.part.0.10108
                0x00000000000814f8                mac_eDcfmIndPost
                0x0000000000081519                mac_psDcfmIndGetBuf
                0x000000000008153a                vMAC_MISCpollConfirm
                0x000000000008156a                vMLMErxEnableConfirm
                0x000000000008159c                vMLMEcommStatus
                0x00000000000815ff                vMLMEcommStatusFromFrame
                0x0000000000081643                vTSCpostTransmitUpdate
                0x0000000000081672                vMLMEsyncLoss
                0x00000000000816a5                vPMICpostFailedAssocDcfm
                0x00000000000816dd                vPMICassocReqTO_2.8525
                0x00000000000816f4                MAC_vPibSetPanId
                0x000000000008170f                vHandleTofRequest.6631
                0x0000000000081712                vAppApiDefSetPrbsSeed
                0x0000000000081736                u8CCITT8
                0x000000000008175c                Mac_vInit
                0x00000000000817a8                bAES_CCM_KeyReg
                0x00000000000817e7                bFifoPush.3013
                0x0000000000081820                vAppQApiPostMlme.2999
                0x000000000008183f                vAppQApiPostMcps.3006
                0x000000000008185a                pvFifoPull.3010
                0x0000000000081881                psAppQApiGetMlmeBuffer.2996
                0x0000000000081889                psAppQApiGetMcpsBuffer.3003
                0x0000000000081891                ToCoNet_vReg_mod_TxRxQueueMid
                0x0000000000081912                PRSEV_vSetState
                0x0000000000081922                PRSEV_u8Register
                0x0000000000081954                PRSEV_vProcessEv_core.1479
                0x00000000000819f0                PRSEV_vProcessEvPost
                0x0000000000081a22                _PRSEV_vProcessEvSingle
                0x0000000000081a2f                vHnd_E_STATE_FINISH_TX_FAIL.2316
 .text.unlikely
                0x0000000000081adc        0xf C:\Users\Maeoka\AppData\Local\Temp\ccxsQD6x.ltrans0.ltrans.o
                0x0000000000081adc                _PRSEV_vProcessEvSingleH
 *fill*         0x0000000000081aeb        0x1 00
 .text          0x0000000000081aec      0xba0 C:\Users\Maeoka\AppData\Local\Temp\ccxsQD6x.ltrans1.ltrans.o
                0x0000000000081aec                eWBRTTxDone.10094
                0x0000000000081b0a                vTAMCOframeTXgoingIdle
                0x0000000000081b23                vTAMCOframeTXcap
                0x0000000000081b47                eWCoRRxDone.10085
                0x0000000000081bf1                eWBcnRxDone.10097
                0x00000000000821da                vTAMCOframeRXcap
                0x00000000000821ec                vTAMCOframeRXgoingIdle
                0x0000000000082202                vTAMCOframeRXnobeacon
                0x0000000000082214                vTAMDEframeRX
                0x000000000008223c                vTAMDEframeRXtrackingDR
                0x000000000008227f                vTAMDEframePreSyncReq
                0x0000000000082297                vTAMCOframeTXbeacon
                0x000000000008235e                vTAMDEframeRXsyncReq
                0x00000000000825ad                vTAMDEint1FiredTrackingCAPgts
                0x000000000008265e                eWONTTxDone.10091
 .text          0x000000000008268c      0xc0d C:\Users\Maeoka\AppData\Local\Temp\ccxsQD6x.ltrans2.ltrans.o
                0x00000000000827c7                mac_vLPBStopTimer
                0x00000000000827d2                vProcessEvCoreTx.2308
                0x0000000000082851                vHnd_E_STATE_FINISH_TX_SUCCESS.2321
                0x00000000000828d0                vTAMRXEsetPhy
                0x0000000000082993                vTAHsetPhyState
                0x00000000000829c3                vTAMCOint2Fired
                0x00000000000829e3                vSetPHYfromMacValue.13215
                0x0000000000082a15                vTAMDEint1FiredWaitDR
                0x0000000000082a22                vTACsetPHYfromMacValue
                0x0000000000082a43                vTAMRXEsetReceiveForPibChange
                0x0000000000082a83                bAHI_ReadMACID
                0x0000000000082ac9                ToCoNet_vInit
                0x0000000000082df4                vExpireHead.19642
                0x0000000000082e24                vfPrintf.constprop.49
                0x0000000000082fbf                vProcessEvCore.1357
                0x000000000008300d                vMMAC_SetChannelAndPower
                0x00000000000831b6                vPhySetChannel
                0x00000000000831d5                QUEUE__u8RemoveItem
                0x000000000008322f                SERIAL_vTxReady
                0x0000000000083267                QUEUE__vAddItem.constprop.44
 .text.unlikely
                0x0000000000083299        0xf C:\Users\Maeoka\AppData\Local\Temp\ccxsQD6x.ltrans2.ltrans.o
                0x0000000000083299                u32AppQApiInitInt_PATCH
 .text          0x00000000000832a8      0xb2b C:\Users\Maeoka\AppData\Local\Temp\ccxsQD6x.ltrans3.ltrans.o
                0x00000000000832a8                vTACintRXheader
                0x0000000000083aa3                vTAMCOreqTXinCAP
                0x0000000000083ac9                vTrySendFromDirectCAP.12672
                0x0000000000083ae5                vTrySendFromDirectNoBeacon.12676
                0x0000000000083b11                vTAMCOint1Fired
                0x0000000000083c2d                vTAMCOstartBeacon
                0x0000000000083c68                vStartStoreValues.12740
                0x0000000000083d1f                bStartCallback.12769
                0x0000000000083d4e                vTAMCOint1FiredCAP
                0x0000000000083dc1                vTAMCOreqTXnoBeacon
 .text          0x0000000000083dd3      0x342 C:\Users\Maeoka\AppData\Local\Temp\ccxsQD6x.ltrans4.ltrans.o
                0x0000000000083dd3                u32AppApiDefInit
                0x00000000000840ae                vProcessEvCoreMac
 .text.unlikely
                0x0000000000084115      0x484 C:\Users\Maeoka\AppData\Local\Temp\ccxsQD6x.ltrans4.ltrans.o
                0x0000000000084115                ToCoNet_vStart
 .text          0x0000000000084599      0x975 C:\Users\Maeoka\AppData\Local\Temp\ccxsQD6x.ltrans5.ltrans.o
                0x0000000000084599                UART_vHandleUartInterrupt.4415
                0x0000000000084624                vAppQApiPostHwIntT.2992
                0x00000000000846a1                vRxChar.4315
                0x0000000000084727                vXCV_IntHandlerPhy
                0x00000000000847d9                vScanHandleTimer.9694
                0x00000000000847de                bAES_CCM_EncodeKey
                0x000000000008488b                vXCV_IntHandlerBbc
                0x000000000008492e                vHnd_E_STATE_RUNNING.2347
                0x0000000000084b80                u8TAM_AES_WriteAuxilliarySecurityHeaderIntoBuffer
                0x0000000000084bf2                u32AHI_ReadIndexSectorBits.constprop.9
                0x0000000000084c53                vTAIsetCapTime
                0x0000000000084c74                vTAIsetRxEnableTime
                0x0000000000084c95                vDoGoActive.16381
                0x0000000000084cb7                vTAMRXEint2Fired
                0x0000000000084ced                vMLMEbeaconNotify
                0x0000000000084e4b                vMCPSframeReceived
 .text.unlikely
                0x0000000000084f0e       0x79 C:\Users\Maeoka\AppData\Local\Temp\ccxsQD6x.ltrans5.ltrans.o
                0x0000000000084f0e                Delay.20582.constprop.18
 .text          0x0000000000084f87      0x975 C:\Users\Maeoka\AppData\Local\Temp\ccxsQD6x.ltrans6.ltrans.o
                0x0000000000084f9c                mac_vLPBStartTimer
                0x00000000000852a7                vTimerCallback.20564
                0x000000000008531d                vMicroIntEnableOnly.constprop.45
                0x0000000000085349                vAHI_ProtocolPower.constprop.41
                0x0000000000085357                vMMAC_ConfigureRadio
                0x0000000000085502                bAHI_SetClockRate
                0x000000000008560d                bAES_CCMstar
                0x00000000000856d9                pvHeap_Alloc
                0x00000000000856dc                u32AHI_Init
                0x000000000008579e                vMicroIntRestoreState
                0x00000000000857aa                vHnd_E_STATE_IDLE.2331
                0x00000000000857ff                vAHI_WakeTimerStop.part.3.21249
                0x000000000008581f                vAHI_UartSetRTSCTS.part.15.21030
                0x0000000000085846                vAHI_UartReset.part.4.21003
                0x000000000008587e                vAHI_UartSetBaudDivisor.part.1.20983
                0x00000000000858bd                vAHI_WatchdogStop
                0x00000000000858d4                vAHI_DioSetOutput
                0x00000000000858e8                vAHI_DioSetDirection
 .text.unlikely
                0x00000000000858fc       0xd4 C:\Users\Maeoka\AppData\Local\Temp\ccxsQD6x.ltrans6.ltrans.o
                0x00000000000858fc                vAHI_TimerEnable.part.1.20784.constprop.22
                0x0000000000085967                vAHI_MemoryHold.20681
                0x00000000000859ac                vAHI_CpuDoze
                0x00000000000859bf                vStartXtal32kExternalRc.20578
 *fill*         0x00000000000859d0        0x0 00
 .text          0x00000000000859d0      0xa24 C:\Users\Maeoka\AppData\Local\Temp\ccxsQD6x.ltrans7.ltrans.o
                0x00000000000859d0                vPostDcfm.10081
                0x0000000000085aa4                AppWarmStart
                0x0000000000085b1a                vSetNextChannel.10129
                0x0000000000085b73                MAC_vHandleMlmeReqRsp
                0x0000000000086321                vTAMDEint1FiredTracking
                0x0000000000086390                vTAMDEint1FiredSyncReq
 .text          0x00000000000863f4      0xb46 C:\Users\Maeoka\AppData\Local\Temp\ccxsQD6x.ltrans8.ltrans.o
                0x00000000000863f4                TSV_eStart
                0x00000000000864d8                eTAStransmitRequest
                0x0000000000086873                TSV_eOpen
                0x000000000008687b                vAppApiDefRestoreMacSettings
                0x0000000000086962                vAppApiDefSaveMacSettings
                0x00000000000869bf                mac_vLPBSleep
                0x0000000000086a84                pvAppApiDefGetMacAddrLocation
                0x0000000000086a8d                eAppApiDefPlmeGet
                0x0000000000086adf                vHnd_E_STATE_PREPARE_TX.2326
 *fill*         0x0000000000086f3a        0x2 00
 .text          0x0000000000086f3c      0x96c C:\Users\Maeoka\AppData\Local\Temp\ccxsQD6x.ltrans9.ltrans.o
                0x0000000000086f3c                vPMICassocReqTO_1.8518
                0x0000000000086fc4                vTAM_MCPSdataRequest
                0x0000000000087007                bTACcheckPANconflict
                0x00000000000870c0                vTAMDEstartSync
                0x000000000008713f                eTAMselect
                0x0000000000087280                MAC_pvCtor
                0x00000000000876a9                vDeterminePowerState.13339
                0x000000000008772d                vTAMDEint1FiredTrackingBeacon
                0x00000000000877cd                vTAMDEint2FiredTrackingDR
                0x00000000000877f2                vTAMDEframeTXtrackingDR
                0x000000000008784b                vTAMDEint2FiredPollActive
                0x000000000008787f                vTAMDEreqTXnullTrackingCAP
                0x0000000000087898                vTAM_TxRetryTimer
 .text          0x00000000000878a8      0x88e C:\Users\Maeoka\AppData\Local\Temp\ccxsQD6x.ltrans10.ltrans.o
                0x0000000000087a08                bAES_CCM_DecodeKey
                0x0000000000087ac4                bTAM_AES_CCMstarPatch
                0x0000000000087c08                bTAM_AES_CCMstarPatch2006
                0x0000000000087d0f                vWriteFrame.14917
                0x0000000000087ee7                bTATsendFrame
                0x0000000000087f3a                vTrySendUnslotted.13217
                0x0000000000087f53                bSendDataRequest.13219
                0x0000000000088065                bProcessBeaconRX.13222
 .text.unlikely
                0x0000000000088136      0x108 C:\Users\Maeoka\AppData\Local\Temp\ccxsQD6x.ltrans10.ltrans.o
                0x0000000000088136                bStartXtal32k.20588
 .text          0x000000000008823e      0x6ce C:\Users\Maeoka\AppData\Local\Temp\ccxsQD6x.ltrans11.ltrans.o
                0x000000000008823e                vAHI_IntHandlerTickTimer
                0x0000000000088332                eGenRxHdrDone.10088
                0x0000000000088342                eAppApiDefPlmeSet
                0x00000000000883b3                _ToCoNet_bRfChChannel
                0x000000000008841a                ToCoNet_ChMgr_bCh_Reconfig
                0x0000000000088482                vAppApiDefMcpsRequest
                0x00000000000884ad                vAppApiDefMlmeRequest
                0x00000000000884d8                pvAppApiDefGetMacHandle
                0x00000000000884e1                cbAppColdStart.part.1.1369
 .text.unlikely
                0x000000000008890c       0x1d C:\Users\Maeoka\AppData\Local\Temp\ccxsQD6x.ltrans11.ltrans.o
                0x000000000008890c                Mac_vReset
 .text          0x0000000000088929      0x794 C:\Users\Maeoka\AppData\Local\Temp\ccxsQD6x.ltrans12.ltrans.o
                0x0000000000088929                ToCoNet_vMain
                0x0000000000089029                ToCoNet_ChMgr_vCh_TxFin
                0x0000000000089056                vHnd_E_STATE_WAIT_TX.2339
 *fill*         0x00000000000890bd        0x3 00
 .text          0x00000000000890c0      0x780 C:\Users\Maeoka\AppData\Local\Temp\ccxsQD6x.ltrans13.ltrans.o
                0x00000000000890c0                eGenTmrExpiry.10390
                0x0000000000089102                eWEDTEdDone.10393
                0x0000000000089126                TSV_eStop
                0x00000000000891e4                bPMICdisassocReqSent.8514
                0x000000000008929e                MAC_vHandleMcpsReqRsp
                0x000000000008932b                bMCPSframeTXcomplete.11125
                0x0000000000089380                bSendSyncLoss.15352
                0x0000000000089398                bPollReqSent.18948
                0x00000000000893b0                bTASsendCommStatusInd
                0x00000000000893c5                bAssocRespSent.8510
                0x00000000000893d8                eTACprocessFrameTXcomplete
                0x0000000000089555                vTAMCOframeTXnobeacon
                0x000000000008956a                vTAMCOframeStarting
                0x0000000000089583                vTAMDEframeTXDEnull
                0x00000000000895a6                vTAMDEframeTXtrackingCAPgts
                0x00000000000895d2                bPMICassocReqSent.8506
                0x0000000000089654                bPMICassocReqPollSent.8521
                0x00000000000896a8                eWChCChanChgd.10105
 .text          0x0000000000089840      0x551 C:\Users\Maeoka\AppData\Local\Temp\ccxsQD6x.ltrans14.ltrans.o
                0x0000000000089840                AppColdStart
 .text          0x0000000000089d91       0x25 c:/mwsdk/tools/ba-elf-ba2-r36379/bin/../lib/gcc/ba-elf/4.7.4/../../../../ba-elf/lib/mcpu_jn51xx_sizeopt\libc.a(lib_a-memcmp.o)
                0x0000000000089d91                memcmp
 .text          0x0000000000089db6       0x19 c:/mwsdk/tools/ba-elf-ba2-r36379/bin/../lib/gcc/ba-elf/4.7.4/../../../../ba-elf/lib/mcpu_jn51xx_sizeopt\libc.a(lib_a-memcpy.o)
 .text          0x0000000000089dcf       0x12 c:/mwsdk/tools/ba-elf-ba2-r36379/bin/../lib/gcc/ba-elf/4.7.4/../../../../ba-elf/lib/mcpu_jn51xx_sizeopt\libc.a(lib_a-memset.o)
                0x0000000000089dcf                memset
 *fill*         0x0000000000089de1        0x3 00
 .text          0x0000000000089de4      0x204 c:/mwsdk/tools/ba-elf-ba2-r36379/bin/../lib/gcc/ba-elf/4.7.4/mcpu_jn51xx_sizeopt\libgcc.a(__udivsi3.o)
                0x0000000000089de4                __udivsi3
 .text          0x0000000000089fe8       0x30 c:/mwsdk/tools/ba-elf-ba2-r36379/bin/../lib/gcc/ba-elf/4.7.4/mcpu_jn51xx_sizeopt\libgcc.a(__divsi3.o)
                0x0000000000089fe8                __divsi3
 .text          0x000000000008a018      0x1b0 c:/mwsdk/tools/ba-elf-ba2-r36379/bin/../lib/gcc/ba-elf/4.7.4/mcpu_jn51xx_sizeopt\libgcc.a(__umodsi3.o)
                0x000000000008a018                __umodsi3
 .text          0x000000000008a1c8       0x27 c:/MWSDK/ChipLib/SW4063V1416/Components/Library\libHardwareApi_JN5169.a(AHI_Interrupt.o)
                0x000000000008a1c8                vAHI_InterruptSetPriority
                0x000000000008a1e6                vAHI_InterruptSetActivePriorityLevel
 .text.vMicroSyscall
                0x000000000008a1ef       0x17 c:/MWSDK/ChipLib/SW4063V1416/Components/Library\libMicroSpecific_JN516x.a(MicroSyscall_ba.o)
                0x000000000008a1ef                vMicroSyscall
                0x000000000008a206                _flash_end = ABSOLUTE (.)

.rela.dyn       0x000000000008a208        0x0
 .rela.text     0x0000000000000000        0x0 C:\Users\Maeoka\AppData\Local\Temp\ccxsQD6x.ltrans0.ltrans.o
 .rela.rodata   0x0000000000000000        0x0 C:\Users\Maeoka\AppData\Local\Temp\ccxsQD6x.ltrans0.ltrans.o
 .rela.text.unlikely
                0x0000000000000000        0x0 C:\Users\Maeoka\AppData\Local\Temp\ccxsQD6x.ltrans0.ltrans.o
 .rela.data     0x0000000000000000        0x0 C:\Users\Maeoka\AppData\Local\Temp\ccxsQD6x.ltrans0.ltrans.o
                0x000000000400004c                . = ORIGIN (ram)

.data           0x000000000400004c        0xc load address 0x000000000008a208
                0x000000000400004c                _ram_data_start = ABSOLUTE (.)
 *(.data*)
 .data          0x000000000400004c        0x8 C:\Users\Maeoka\AppData\Local\Temp\ccxsQD6x.ltrans6.ltrans.o
                0x000000000400004c                u32HeapStart
 .data          0x0000000004000054        0x1 C:\Users\Maeoka\AppData\Local\Temp\ccxsQD6x.ltrans8.ltrans.o
                0x0000000004000054                u8TxWkrNow.2449
 .data          0x0000000004000055        0x1 C:\Users\Maeoka\AppData\Local\Temp\ccxsQD6x.ltrans9.ltrans.o
 .data.initinboot
                0x0000000004000056        0x1 C:\Users\Maeoka\AppData\Local\Temp\ccxsQD6x.ltrans9.ltrans.o
                0x0000000004000056                gMAC_u8MaxBuffers
 .data          0x0000000004000057        0x1 C:\Users\Maeoka\AppData\Local\Temp\ccxsQD6x.ltrans12.ltrans.o
 *(.data.*)
                0x0000000004000058                . = ALIGN (0x4)
                0x0000000004000058                _ram_data_end = ABSOLUTE (.)

.bss            0x0000000004000058     0x19ac load address 0x000000000008a214
                0x0000000004000058                _bss_start = ABSOLUTE (.)
 *(.bss*)
 .bss           0x0000000004000058      0xb04 C:\Users\Maeoka\AppData\Local\Temp\ccxsQD6x.ltrans0.ltrans.o
 .bss           0x0000000004000b5c       0x40 C:\Users\Maeoka\AppData\Local\Temp\ccxsQD6x.ltrans1.ltrans.o
                0x0000000004000b5c                g_sLP
                0x0000000004000b98                g_pvMac
 .bss.initinboot
                0x0000000004000b9c      0x1c0 C:\Users\Maeoka\AppData\Local\Temp\ccxsQD6x.ltrans1.ltrans.o
                0x0000000004000b9c                g_sMac
 .bss           0x0000000004000d5c      0x73c C:\Users\Maeoka\AppData\Local\Temp\ccxsQD6x.ltrans2.ltrans.o
                0x0000000004000d5c                bForceInitialize.2408
                0x0000000004000d60                prApAppCallback.20427
                0x0000000004000d64                prSpiAppCallback.20552
                0x0000000004000d68                prSiAppCallback.21769
                0x0000000004000d6c                prAppMcpsCallback.3235
                0x0000000004000d70                prAppMlmeCallback.3236
                0x0000000004000d74                bTxEventQueued.16247
                0x0000000004000d75                u8TxEventStatus.16248
 .bss.initinboot
                0x0000000004001498        0x4 C:\Users\Maeoka\AppData\Local\Temp\ccxsQD6x.ltrans2.ltrans.o
                0x0000000004001498                prSysCtrlAppCallback.20760
 .bss           0x000000000400149c        0x8 C:\Users\Maeoka\AppData\Local\Temp\ccxsQD6x.ltrans3.ltrans.o
 .bss           0x00000000040014a4      0x170 C:\Users\Maeoka\AppData\Local\Temp\ccxsQD6x.ltrans4.ltrans.o
                0x00000000040014a4                g_sXcv
                0x00000000040014a8                prMcpsRequest.5519
                0x00000000040014ac                prMlmeRequest.5518
                0x00000000040014b0                prOriginalHandler.4294
                0x00000000040014b4                psRxQueueList.4160
                0x00000000040014c8                prTickTimeAppCallback
                0x00000000040014cc                apfTimerAppCallback.20969
                0x00000000040014e0                au16TimerSettings.20918
                0x00000000040014ec                asEventHandler.1542
                0x000000000400156c                sEvVars
                0x0000000004001588                u32TickCount_ms
                0x000000000400158c                au8Txdatabuff_idx_sTxQueue
                0x0000000004001590                u8TxBuffSiz_sTxQueue
                0x0000000004001594                sTxdatabuff_sTxQueue
                0x0000000004001598                sTxQueue
                0x00000000040015b4                au8Rxdatabuff_idx_sRxQueue
                0x00000000040015b8                u8RxBuffSiz_sRxQueue
                0x00000000040015bc                sRxdatabuff_sRxQueue
                0x00000000040015c0                sRxQueue
                0x00000000040015dc                au8Rxdatabuff_idx_sRxQueueCmd
                0x00000000040015e0                u8RxBuffSiz_sRxQueueCmd
                0x00000000040015e4                sRxdatabuff_sRxQueueCmd
                0x00000000040015e8                sRxQueueCmd.1980
 .bss           0x0000000004001614       0x24 C:\Users\Maeoka\AppData\Local\Temp\ccxsQD6x.ltrans5.ltrans.o
                0x0000000004001614                TxWorker_u8Num.2407
                0x0000000004001618                sAppHousekeeping
                0x0000000004001630                prAppHwCallback.3237
                0x0000000004001634                gbTimeOutFlag.20756
 .bss           0x0000000004001638        0x4 C:\Users\Maeoka\AppData\Local\Temp\ccxsQD6x.ltrans6.ltrans.o
 .bss.dontinitinboot
                0x000000000400163c        0x4 C:\Users\Maeoka\AppData\Local\Temp\ccxsQD6x.ltrans6.ltrans.o
 .bss           0x0000000004001640       0x70 C:\Users\Maeoka\AppData\Local\Temp\ccxsQD6x.ltrans7.ltrans.o
                0x0000000004001640                sToCoNet_AppContext
                0x000000000400165c                sToCoNet_Context
                0x00000000040016a0                sAssocSecurity.9135
                0x00000000040016ac                g_bJenieBackwardsCompatibilityMode
 .bss           0x00000000040016b0       0x34 C:\Users\Maeoka\AppData\Local\Temp\ccxsQD6x.ltrans8.ltrans.o
                0x00000000040016b0                sCh_Context.2870
                0x00000000040016b4                u8AppId_Pkt_head.4163
                0x00000000040016b8                u32MyAddr.4162
                0x00000000040016bc                u32AppId.4159
                0x00000000040016c0                asTx.2406
 .bss.initinboot
                0x00000000040016e4        0x1 C:\Users\Maeoka\AppData\Local\Temp\ccxsQD6x.ltrans8.ltrans.o
 *fill*         0x00000000040016e5        0x3 00
 .bss           0x00000000040016e8        0x4 C:\Users\Maeoka\AppData\Local\Temp\ccxsQD6x.ltrans9.ltrans.o
                0x00000000040016e8                i8TxPower.11925
 .bss.initinboot
                0x00000000040016ec        0x8 C:\Users\Maeoka\AppData\Local\Temp\ccxsQD6x.ltrans9.ltrans.o
                0x00000000040016ec                g_u32MacAddrLocation
                0x00000000040016f0                prvUserTxStartedCallback
 .bss.dontinitinboot
                0x00000000040016f4        0x1 C:\Users\Maeoka\AppData\Local\Temp\ccxsQD6x.ltrans10.ltrans.o
 *fill*         0x00000000040016f5        0x3 00
 .bss           0x00000000040016f8      0x1a4 C:\Users\Maeoka\AppData\Local\Temp\ccxsQD6x.ltrans11.ltrans.o
                0x00000000040016f8                prUart1AppCallback.21224
                0x00000000040016fc                prUart0AppCallback.21223
                0x0000000004001700                asUARTS.4459
                0x0000000004001720                sOpt.4466
                0x0000000004001730                asSerialPorts
                0x0000000004001768                au8sprintf.4623
                0x000000000400176c                SPRINTF_MAX_BUFF.4625
 .bss           0x000000000400189c       0x78 C:\Users\Maeoka\AppData\Local\Temp\ccxsQD6x.ltrans12.ltrans.o
                0x000000000400189c                sMcpsIndQueue.3231
                0x00000000040018ac                bRxQueue_Init.4161
                0x00000000040018b0                sMcpsIndBufferQueue.3229
                0x00000000040018c0                sMlmeIndQueue.3232
                0x00000000040018d0                sMlmeIndBufferQueue.3230
                0x00000000040018e0                sHwIndQueue.3233
                0x00000000040018f0                sHwIndBufferQueue.3234
                0x0000000004001900                sSerStream.1429
 .bss           0x0000000004001914       0x14 C:\Users\Maeoka\AppData\Local\Temp\ccxsQD6x.ltrans13.ltrans.o
                0x0000000004001914                s_sTimerList
                0x0000000004001924                u8AssocResponsesInProgress.9134
 .bss           0x0000000004001928       0x9c C:\Users\Maeoka\AppData\Local\Temp\ccxsQD6x.ltrans14.ltrans.o
                0x0000000004001928                sContext.4284
                0x0000000004001954                TWENET_u8RFdevice_minor.3588
                0x0000000004001955                TWENET_u8RFdevice_major.3587
                0x0000000004001956                _TWENET_TX_POWER_MAX
                0x0000000004001958                sToCoNet_Modules
 .bss.dontinitinboot
                0x00000000040019c4       0x40 c:/MWSDK/ChipLib/SW4063V1416/Components/Library\libBoot_JN516x.a(ExceptionHandler.o)
                0x00000000040019c4                isr_handlers
 *(.bss.*)
 *(.scommon*)
 *(.scommon.*)
 *(COMMON)
                0x0000000004001a04                . = ALIGN (0x4)
                0x0000000004001a04                _bss_end = ABSOLUTE (.)
                0x0000000004001a04                end = .

.heap           0x0000000004001a04      0xd16 load address 0x000000000008bbc0
                0x0000000004001a04                _heap_start = ABSOLUTE (.)
                0x000000000400271a                . = (. + __minimum_heap_size)
 *fill*         0x0000000004001a04      0xd16 00

.stack          0x0000000004007800      0x800 load address 0x00000000000919bc
                0x0000000004007800                _heap_end = ABSOLUTE (.)
                0x0000000004007800                _stack_low_water_mark = ABSOLUTE (.)
                0x0000000004008000                . = (. + __stack_size)
 *fill*         0x0000000004007800      0x800 00
                0x0000000004008000                _stack = .

.test           0x000000000008a214        0x1
                0x000000000008a214        0x1 BYTE 0xff
                0x000000000008a208                _flash_data_start = LOADADDR (.data)
                0x000000000000000c                _ram_data_len = (((_ram_data_end - _ram_data_start) + 0x3) & 0xfffffffffffffffc)
                0x00000000000019ac                _bss_len = (((_bss_end - _bss_start) + 0x3) & 0xfffffffffffffffc)
                0x000000000000a214                _image_len = ((((_flash_end - _flash_start) + _ram_data_len) + 0x3) & 0xfffffffffffffffc)
                0x0000000004008000                _ram_top = (ABSOLUTE (ORIGIN (ram)) + 0x7fb4)
                0x0000000004008000                ram_top = (ABSOLUTE (ORIGIN (ram)) + 0x7fb4)
                0x0000000001001580                _app_ram_start = 0x1001580
                0x000000000400004c                PROVIDE (_heap_location, u32HeapStart)
                0x000000000400004c                PROVIDE (heap_location, u32HeapStart)
                0x0000000000086873                TSV_eOpenVector = TSV_eOpen
                0x00000000000863f4                TSV_eStartVector = TSV_eStart
                0x0000000000089126                TSV_eStopVector = TSV_eStop
                0x00000000000884d8                pvAppApiGetMacHandle = pvAppApiDefGetMacHandle
                0x0000000000083dd3                u32AppApiInit = u32AppApiDefInit
                0x00000000000884ad                vAppApiMlmeRequest = vAppApiDefMlmeRequest
                0x0000000000088482                vAppApiMcpsRequest = vAppApiDefMcpsRequest
                0x0000000000088342                eAppApiPlmeSet = eAppApiDefPlmeSet
                0x0000000000086a8d                eAppApiPlmeGet = eAppApiDefPlmeGet
                0x0000000000086a84                pvAppApiGetMacAddrLocation = pvAppApiDefGetMacAddrLocation
                0x0000000000086962                vAppApiSaveMacSettings = vAppApiDefSaveMacSettings
                0x000000000008687b                vAppApiRestoreMacSettings = vAppApiDefRestoreMacSettings
OUTPUT(objs_RED/Test07-Just-Receive_Main_RED_L1200_V0-1-1.elf elf32-ba)

.comment        0x0000000000000000       0x11
 .comment       0x0000000000000000       0x12 C:\Users\Maeoka\AppData\Local\Temp\ccxsQD6x.ltrans0.ltrans.o
 .comment       0x0000000000000000       0x12 C:\Users\Maeoka\AppData\Local\Temp\ccxsQD6x.ltrans1.ltrans.o
 .comment       0x0000000000000000       0x12 C:\Users\Maeoka\AppData\Local\Temp\ccxsQD6x.ltrans2.ltrans.o
 .comment       0x0000000000000000       0x12 C:\Users\Maeoka\AppData\Local\Temp\ccxsQD6x.ltrans3.ltrans.o
 .comment       0x0000000000000000       0x12 C:\Users\Maeoka\AppData\Local\Temp\ccxsQD6x.ltrans4.ltrans.o
 .comment       0x0000000000000000       0x12 C:\Users\Maeoka\AppData\Local\Temp\ccxsQD6x.ltrans5.ltrans.o
 .comment       0x0000000000000000       0x12 C:\Users\Maeoka\AppData\Local\Temp\ccxsQD6x.ltrans6.ltrans.o
 .comment       0x0000000000000000       0x12 C:\Users\Maeoka\AppData\Local\Temp\ccxsQD6x.ltrans7.ltrans.o
 .comment       0x0000000000000000       0x12 C:\Users\Maeoka\AppData\Local\Temp\ccxsQD6x.ltrans8.ltrans.o
 .comment       0x0000000000000000       0x12 C:\Users\Maeoka\AppData\Local\Temp\ccxsQD6x.ltrans9.ltrans.o
 .comment       0x0000000000000000       0x12 C:\Users\Maeoka\AppData\Local\Temp\ccxsQD6x.ltrans10.ltrans.o
 .comment       0x0000000000000000       0x12 C:\Users\Maeoka\AppData\Local\Temp\ccxsQD6x.ltrans11.ltrans.o
 .comment       0x0000000000000000       0x12 C:\Users\Maeoka\AppData\Local\Temp\ccxsQD6x.ltrans12.ltrans.o
 .comment       0x0000000000000000       0x12 C:\Users\Maeoka\AppData\Local\Temp\ccxsQD6x.ltrans13.ltrans.o
 .comment       0x0000000000000000       0x12 C:\Users\Maeoka\AppData\Local\Temp\ccxsQD6x.ltrans14.ltrans.o
 .comment       0x0000000000000000       0x12 c:/mwsdk/tools/ba-elf-ba2-r36379/bin/../lib/gcc/ba-elf/4.7.4/../../../../ba-elf/lib/mcpu_jn51xx_sizeopt\libc.a(lib_a-memcmp.o)
 .comment       0x0000000000000000       0x12 c:/mwsdk/tools/ba-elf-ba2-r36379/bin/../lib/gcc/ba-elf/4.7.4/../../../../ba-elf/lib/mcpu_jn51xx_sizeopt\libc.a(lib_a-memcpy.o)
 .comment       0x0000000000000000       0x12 c:/mwsdk/tools/ba-elf-ba2-r36379/bin/../lib/gcc/ba-elf/4.7.4/../../../../ba-elf/lib/mcpu_jn51xx_sizeopt\libc.a(lib_a-memset.o)
 .comment       0x0000000000000000       0x11 c:/MWSDK/ChipLib/SW4063V1416/Components/Library\libMicroSpecific_JN516x.a(MicroSyscall_ba.o)
                                         0x12 (size before relaxing)

.debug_info     0x0000000000000000      0x596
 .debug_info    0x0000000000000000       0xf3 c:/mwsdk/tools/ba-elf-ba2-r36379/bin/../lib/gcc/ba-elf/4.7.4/../../../../ba-elf/lib/mcpu_jn51xx_sizeopt\libc.a(lib_a-memcmp.o)
 .debug_info    0x00000000000000f3      0x106 c:/mwsdk/tools/ba-elf-ba2-r36379/bin/../lib/gcc/ba-elf/4.7.4/../../../../ba-elf/lib/mcpu_jn51xx_sizeopt\libc.a(lib_a-memcpy.o)
 .debug_info    0x00000000000001f9       0xd7 c:/mwsdk/tools/ba-elf-ba2-r36379/bin/../lib/gcc/ba-elf/4.7.4/../../../../ba-elf/lib/mcpu_jn51xx_sizeopt\libc.a(lib_a-memset.o)
 .debug_info    0x00000000000002d0       0xb4 c:/mwsdk/tools/ba-elf-ba2-r36379/bin/../lib/gcc/ba-elf/4.7.4/mcpu_jn51xx_sizeopt\libgcc.a(__udivsi3.o)
 .debug_info    0x0000000000000384       0xb4 c:/mwsdk/tools/ba-elf-ba2-r36379/bin/../lib/gcc/ba-elf/4.7.4/mcpu_jn51xx_sizeopt\libgcc.a(__divsi3.o)
 .debug_info    0x0000000000000438       0xb4 c:/mwsdk/tools/ba-elf-ba2-r36379/bin/../lib/gcc/ba-elf/4.7.4/mcpu_jn51xx_sizeopt\libgcc.a(__umodsi3.o)
 .debug_info    0x00000000000004ec       0xaa c:/MWSDK/ChipLib/SW4063V1416/Components/Library\libBoot_JN516x.a(ExceptionHandler.o)

.debug_abbrev   0x0000000000000000      0x210
 .debug_abbrev  0x0000000000000000       0x8e c:/mwsdk/tools/ba-elf-ba2-r36379/bin/../lib/gcc/ba-elf/4.7.4/../../../../ba-elf/lib/mcpu_jn51xx_sizeopt\libc.a(lib_a-memcmp.o)
 .debug_abbrev  0x000000000000008e       0xa4 c:/mwsdk/tools/ba-elf-ba2-r36379/bin/../lib/gcc/ba-elf/4.7.4/../../../../ba-elf/lib/mcpu_jn51xx_sizeopt\libc.a(lib_a-memcpy.o)
 .debug_abbrev  0x0000000000000132       0x8e c:/mwsdk/tools/ba-elf-ba2-r36379/bin/../lib/gcc/ba-elf/4.7.4/../../../../ba-elf/lib/mcpu_jn51xx_sizeopt\libc.a(lib_a-memset.o)
 .debug_abbrev  0x00000000000001c0       0x14 c:/mwsdk/tools/ba-elf-ba2-r36379/bin/../lib/gcc/ba-elf/4.7.4/mcpu_jn51xx_sizeopt\libgcc.a(__udivsi3.o)
 .debug_abbrev  0x00000000000001d4       0x14 c:/mwsdk/tools/ba-elf-ba2-r36379/bin/../lib/gcc/ba-elf/4.7.4/mcpu_jn51xx_sizeopt\libgcc.a(__divsi3.o)
 .debug_abbrev  0x00000000000001e8       0x14 c:/mwsdk/tools/ba-elf-ba2-r36379/bin/../lib/gcc/ba-elf/4.7.4/mcpu_jn51xx_sizeopt\libgcc.a(__umodsi3.o)
 .debug_abbrev  0x00000000000001fc       0x14 c:/MWSDK/ChipLib/SW4063V1416/Components/Library\libBoot_JN516x.a(ExceptionHandler.o)

.debug_loc      0x0000000000000000       0xeb
 .debug_loc     0x0000000000000000       0x73 c:/mwsdk/tools/ba-elf-ba2-r36379/bin/../lib/gcc/ba-elf/4.7.4/../../../../ba-elf/lib/mcpu_jn51xx_sizeopt\libc.a(lib_a-memcmp.o)
 .debug_loc     0x0000000000000073       0x39 c:/mwsdk/tools/ba-elf-ba2-r36379/bin/../lib/gcc/ba-elf/4.7.4/../../../../ba-elf/lib/mcpu_jn51xx_sizeopt\libc.a(lib_a-memcpy.o)
 .debug_loc     0x00000000000000ac       0x3f c:/mwsdk/tools/ba-elf-ba2-r36379/bin/../lib/gcc/ba-elf/4.7.4/../../../../ba-elf/lib/mcpu_jn51xx_sizeopt\libc.a(lib_a-memset.o)

.debug_aranges  0x0000000000000000       0xe0
 .debug_aranges
                0x0000000000000000       0x20 c:/mwsdk/tools/ba-elf-ba2-r36379/bin/../lib/gcc/ba-elf/4.7.4/../../../../ba-elf/lib/mcpu_jn51xx_sizeopt\libc.a(lib_a-memcmp.o)
 .debug_aranges
                0x0000000000000020       0x20 c:/mwsdk/tools/ba-elf-ba2-r36379/bin/../lib/gcc/ba-elf/4.7.4/../../../../ba-elf/lib/mcpu_jn51xx_sizeopt\libc.a(lib_a-memcpy.o)
 .debug_aranges
                0x0000000000000040       0x20 c:/mwsdk/tools/ba-elf-ba2-r36379/bin/../lib/gcc/ba-elf/4.7.4/../../../../ba-elf/lib/mcpu_jn51xx_sizeopt\libc.a(lib_a-memset.o)
 .debug_aranges
                0x0000000000000060       0x20 c:/mwsdk/tools/ba-elf-ba2-r36379/bin/../lib/gcc/ba-elf/4.7.4/mcpu_jn51xx_sizeopt\libgcc.a(__udivsi3.o)
 .debug_aranges
                0x0000000000000080       0x20 c:/mwsdk/tools/ba-elf-ba2-r36379/bin/../lib/gcc/ba-elf/4.7.4/mcpu_jn51xx_sizeopt\libgcc.a(__divsi3.o)
 .debug_aranges
                0x00000000000000a0       0x20 c:/mwsdk/tools/ba-elf-ba2-r36379/bin/../lib/gcc/ba-elf/4.7.4/mcpu_jn51xx_sizeopt\libgcc.a(__umodsi3.o)
 .debug_aranges
                0x00000000000000c0       0x20 c:/MWSDK/ChipLib/SW4063V1416/Components/Library\libBoot_JN516x.a(ExceptionHandler.o)

.debug_line     0x0000000000000000      0xe6e
 .debug_line    0x0000000000000000      0x154 c:/mwsdk/tools/ba-elf-ba2-r36379/bin/../lib/gcc/ba-elf/4.7.4/../../../../ba-elf/lib/mcpu_jn51xx_sizeopt\libc.a(lib_a-memcmp.o)
 .debug_line    0x0000000000000154      0x148 c:/mwsdk/tools/ba-elf-ba2-r36379/bin/../lib/gcc/ba-elf/4.7.4/../../../../ba-elf/lib/mcpu_jn51xx_sizeopt\libc.a(lib_a-memcpy.o)
 .debug_line    0x000000000000029c      0x13e c:/mwsdk/tools/ba-elf-ba2-r36379/bin/../lib/gcc/ba-elf/4.7.4/../../../../ba-elf/lib/mcpu_jn51xx_sizeopt\libc.a(lib_a-memset.o)
 .debug_line    0x00000000000003da      0x47b c:/mwsdk/tools/ba-elf-ba2-r36379/bin/../lib/gcc/ba-elf/4.7.4/mcpu_jn51xx_sizeopt\libgcc.a(__udivsi3.o)
 .debug_line    0x0000000000000855       0xbb c:/mwsdk/tools/ba-elf-ba2-r36379/bin/../lib/gcc/ba-elf/4.7.4/mcpu_jn51xx_sizeopt\libgcc.a(__divsi3.o)
 .debug_line    0x0000000000000910      0x3c7 c:/mwsdk/tools/ba-elf-ba2-r36379/bin/../lib/gcc/ba-elf/4.7.4/mcpu_jn51xx_sizeopt\libgcc.a(__umodsi3.o)
 .debug_line    0x0000000000000cd7      0x197 c:/MWSDK/ChipLib/SW4063V1416/Components/Library\libBoot_JN516x.a(ExceptionHandler.o)

.debug_str      0x0000000000000000      0x1bf
 .debug_str     0x0000000000000000      0x119 c:/mwsdk/tools/ba-elf-ba2-r36379/bin/../lib/gcc/ba-elf/4.7.4/../../../../ba-elf/lib/mcpu_jn51xx_sizeopt\libc.a(lib_a-memcmp.o)
                                        0x152 (size before relaxing)
 .debug_str     0x0000000000000119       0x5d c:/mwsdk/tools/ba-elf-ba2-r36379/bin/../lib/gcc/ba-elf/4.7.4/../../../../ba-elf/lib/mcpu_jn51xx_sizeopt\libc.a(lib_a-memcpy.o)
                                        0x166 (size before relaxing)
 .debug_str     0x0000000000000176       0x49 c:/mwsdk/tools/ba-elf-ba2-r36379/bin/../lib/gcc/ba-elf/4.7.4/../../../../ba-elf/lib/mcpu_jn51xx_sizeopt\libc.a(lib_a-memset.o)
                                        0x152 (size before relaxing)

.debug_frame    0x0000000000000000       0x60
 .debug_frame   0x0000000000000000       0x20 c:/mwsdk/tools/ba-elf-ba2-r36379/bin/../lib/gcc/ba-elf/4.7.4/../../../../ba-elf/lib/mcpu_jn51xx_sizeopt\libc.a(lib_a-memcmp.o)
 .debug_frame   0x0000000000000020       0x20 c:/mwsdk/tools/ba-elf-ba2-r36379/bin/../lib/gcc/ba-elf/4.7.4/../../../../ba-elf/lib/mcpu_jn51xx_sizeopt\libc.a(lib_a-memcpy.o)
 .debug_frame   0x0000000000000040       0x20 c:/mwsdk/tools/ba-elf-ba2-r36379/bin/../lib/gcc/ba-elf/4.7.4/../../../../ba-elf/lib/mcpu_jn51xx_sizeopt\libc.a(lib_a-memset.o)
